Archive member included because of file (symbol)

R:\fehqt\Proteus/EWL/lib/armv7e-m\libc.a(sprintf.o)
                              Libraries\FEHLCD.o (sprintf)
R:\fehqt\Proteus/EWL/lib/armv7e-m\libc.a(vsnprintf.o)
                              R:\fehqt\Proteus/EWL/lib/armv7e-m\libc.a(sprintf.o) (vsnprintf)
R:\fehqt\Proteus/EWL/lib/armv7e-m\libc.a(exit.o)
                              Startup\__arm_start.o (exit)
R:\fehqt\Proteus/EWL/lib/armv7e-m\libc.a(memcpy.o)
                              ..\classes/menu.o (memcpy)
R:\fehqt\Proteus/EWL/lib/armv7e-m\libc.a(memset.o)
                              Startup\__arm_start.o (memset)
R:\fehqt\Proteus/EWL/lib/armv7e-m\libc.a(printformat_.o)
                              (__pformatter_)
R:\fehqt\Proteus/EWL/lib/armv7e-m\libc.a(scanformat_.o)
                              (__sformatter)
R:\fehqt\Proteus/EWL/lib/armv7e-m\libc.a(ctype_aeabi.o)
                              R:\fehqt\Proteus/EWL/lib/armv7e-m\libc.a(scanformat_.o) (isspace)
R:\fehqt\Proteus/EWL/lib/armv7e-m\libc.a(__strtoul.o)
                              R:\fehqt\Proteus/EWL/lib/armv7e-m\libc.a(scanformat_.o) (__strtoul)
R:\fehqt\Proteus/EWL/lib/armv7e-m\libc.a(__filll_mem.o)
                              R:\fehqt\Proteus/EWL/lib/armv7e-m\libc.a(memset.o) (__fill_mem)
R:\fehqt\Proteus/EWL/lib/armv7e-m\libc.a(memchr.o)
                              R:\fehqt\Proteus/EWL/lib/armv7e-m\libc.a(printformat_.o) (memchr)
R:\fehqt\Proteus/EWL/lib/armv7e-m\libc.a(strchr.o)
                              R:\fehqt\Proteus/EWL/lib/armv7e-m\libc.a(printformat_.o) (strchr)
R:\fehqt\Proteus/EWL/lib/armv7e-m\libc.a(strlen.o)
                              R:\fehqt\Proteus/EWL/lib/armv7e-m\libc.a(printformat_.o) (strlen)
r:/fehqt/proteus/gcc/bin/../lib/gcc/arm-none-eabi/4.6.2/armv7e-m\libgcc.a(_arm_addsubdf3.o)
                              ..\drive/drive.o (__aeabi_dsub)
r:/fehqt/proteus/gcc/bin/../lib/gcc/arm-none-eabi/4.6.2/armv7e-m\libgcc.a(_arm_muldivdf3.o)
                              ..\drive/drive.o (__aeabi_dmul)
r:/fehqt/proteus/gcc/bin/../lib/gcc/arm-none-eabi/4.6.2/armv7e-m\libgcc.a(_arm_cmpdf2.o)
                              ..\drive/drive.o (__aeabi_dcmplt)
r:/fehqt/proteus/gcc/bin/../lib/gcc/arm-none-eabi/4.6.2/armv7e-m\libgcc.a(_arm_fixdfsi.o)
                              ..\classes/movement.o (__aeabi_d2iz)
r:/fehqt/proteus/gcc/bin/../lib/gcc/arm-none-eabi/4.6.2/armv7e-m\libgcc.a(_arm_fixunsdfsi.o)
                              Libraries\FEHUtility.o (__aeabi_d2uiz)
r:/fehqt/proteus/gcc/bin/../lib/gcc/arm-none-eabi/4.6.2/armv7e-m\libgcc.a(_arm_truncdfsf2.o)
                              ..\classes/movement.o (__aeabi_d2f)
r:/fehqt/proteus/gcc/bin/../lib/gcc/arm-none-eabi/4.6.2/armv7e-m\libgcc.a(_arm_addsubsf3.o)
                              ..\other.o (__aeabi_fsub)
r:/fehqt/proteus/gcc/bin/../lib/gcc/arm-none-eabi/4.6.2/armv7e-m\libgcc.a(_arm_muldivsf3.o)
                              Drivers\mcg.o (__aeabi_fmul)
r:/fehqt/proteus/gcc/bin/../lib/gcc/arm-none-eabi/4.6.2/armv7e-m\libgcc.a(_arm_cmpsf2.o)
                              Libraries\FEHServo.o (__aeabi_fcmpeq)
r:/fehqt/proteus/gcc/bin/../lib/gcc/arm-none-eabi/4.6.2/armv7e-m\libgcc.a(_arm_fixsfsi.o)
                              ..\classes/movement.o (__aeabi_f2iz)
r:/fehqt/proteus/gcc/bin/../lib/gcc/arm-none-eabi/4.6.2/armv7e-m\libgcc.a(_arm_fixunssfsi.o)
                              Drivers\mcg.o (__aeabi_f2uiz)
R:\fehqt\Proteus/EWL/lib/armv7e-m\librt.a(gcc_ctor_dtor.o)
                              Startup\__arm_start.o (__init_cpp)
R:\fehqt\Proteus/EWL/lib/armv7e-m\librt.a(ROMCopy.o)
                              Startup\__arm_start.o (__copy_rom_sections_to_ram)
R:\fehqt\Proteus/EWL/lib/armv7e-m\librt.a(__arm_eabi_init.o)
                              R:\fehqt\Proteus/EWL/lib/armv7e-m\libc.a(exit.o) (__destroy_global_chain)
R:\fehqt\Proteus/EWL/lib/armv7e-m\librt.a(New.o)
                              Libraries\FEHIO.o (operator new(unsigned int))
r:/fehqt/proteus/gcc/bin/../lib/gcc/arm-none-eabi/4.6.2/../../../../arm-none-eabi/lib/armv7e-m\libsupc++.a(class_type_info.o)
                              R:\fehqt\Proteus/EWL/lib/armv7e-m\librt.a(New.o) (vtable for __cxxabiv1::__class_type_info)
r:/fehqt/proteus/gcc/bin/../lib/gcc/arm-none-eabi/4.6.2/../../../../arm-none-eabi/lib/armv7e-m\libsupc++.a(eh_alloc.o)
                              R:\fehqt\Proteus/EWL/lib/armv7e-m\librt.a(New.o) (__cxa_allocate_exception)
r:/fehqt/proteus/gcc/bin/../lib/gcc/arm-none-eabi/4.6.2/../../../../arm-none-eabi/lib/armv7e-m\libsupc++.a(eh_arm.o)
                              R:\fehqt\Proteus/EWL/lib/armv7e-m\librt.a(New.o) (__cxa_end_cleanup)
r:/fehqt/proteus/gcc/bin/../lib/gcc/arm-none-eabi/4.6.2/../../../../arm-none-eabi/lib/armv7e-m\libsupc++.a(eh_aux_runtime.o)
                              r:/fehqt/proteus/gcc/bin/../lib/gcc/arm-none-eabi/4.6.2/../../../../arm-none-eabi/lib/armv7e-m\libsupc++.a(eh_arm.o) (__cxa_bad_typeid)
[...]
Memory Configuration

Name             Origin             Length             Attributes
m_interrupts     0x0000c000         0x00000400         xr
m_cfmprotrom     0x0000c400         0x00000010         xr
m_text           0x0000c410         0x00073bf0         xr
m_data           0x1fff0400         0x0000fc00         xrw
m_data2          0x20000000         0x00010000         xrw
*default*        0x00000000         0xffffffff

Linker script and memory map

LOAD ..\main.o
LOAD ..\drive/drive.o
LOAD ..\classes/operation.o
LOAD ..\classes/movement.o
LOAD ..\classes/menu.o
LOAD ..\setup/menuSetup1.o
LOAD ..\setup/menuSetup2.o
LOAD ..\other.o
LOAD ..\drive/1_driveTimers.o
LOAD ..\drive/2_driveEncoders.o
LOAD ..\drive/3_driveLine.o
LOAD ..\drive/4_driveGeneral.o
LOAD ..\drive/5_driveRealRPS.o
LOAD ..\drive/6_driveRealRPSTurn.o
LOAD ..\classes/RPScleaning.o
LOAD Startup\__arm_start.o
LOAD Startup\__arm_end.o
LOAD Startup\kinetis_sysinit.o
LOAD Libraries\FEHMotor.o
LOAD Drivers\mcg.o
LOAD Drivers\uart.o
LOAD Drivers\lptmr.o
LOAD FEHProteus.o
LOAD Drivers\FEHPropeller.o
LOAD Libraries\FEHUtility.o
LOAD Libraries\FEHIO.o
LOAD Drivers\adc16.o
LOAD Libraries\FEHBuzzer.o
LOAD Libraries\FEHServo.o
LOAD Libraries\FEHLCD.o
LOAD Libraries\FEHBattery.o
LOAD Drivers\FEHXBee.o
LOAD Libraries\FEHWONKA.o
                0x0001b678                __pformatter = __pformatter_
                [0x0001ba70]                __sformatter = __sformatter
LOAD R:\fehqt\Proteus/EWL/lib/armv7e-m\libstdc++.a
LOAD R:\fehqt\Proteus/EWL/lib/armv7e-m\libm.a
START GROUP
LOAD R:\fehqt\Proteus/EWL/lib/armv7e-m\libc.a
LOAD R:\fehqt\Proteus/EWL/lib/armv7e-m\libc++.a
LOAD R:\fehqt\Proteus/EWL/lib/armv7e-m\libm.a
LOAD r:/fehqt/proteus/gcc/bin/../lib/gcc/arm-none-eabi/4.6.2/armv7e-m\libgcc.a
LOAD R:\fehqt\Proteus/EWL/lib/armv7e-m\librt.a
LOAD r:/fehqt/proteus/gcc/bin/../lib/gcc/arm-none-eabi/4.6.2/../../../../arm-none-eabi/lib/armv7e-m\libsupc++.a
END GROUP
                0x20000000                _estack = 0x20000000
                0x20000000                __SP_INIT = _estack
                0x00000800                __heap_size = 0x800
                0x00000800                __stack_size = 0x800

.interrupts     0x0000c000      0x1e0
                0x0000c000                __vector_table = .
                0x0000c000                . = ALIGN (0x4)
 *(.vectortable)
 .vectortable   0x0000c000      0x1e0 Startup\kinetis_sysinit.o
                0x0000c1e0                . = ALIGN (0x4)

.cfmprotect     0x0000c400        0x0
                0x0000c400                . = ALIGN (0x4)
 *(.cfmconfig)
                0x0000c400                . = ALIGN (0x4)

.text           0x0000c410    0x124e8
                0x0000c410                . = ALIGN (0x4)
 *(.text)
 .text          0x0000c410      0x370 r:/fehqt/proteus/gcc/bin/../lib/gcc/arm-none-eabi/4.6.2/armv7e-m\libgcc.a(_arm_addsubdf3.o)
                0x0000c410                __aeabi_drsub
                0x0000c418                __aeabi_dsub
                0x0000c418                __subdf3
                0x0000c41c                __aeabi_dadd
                0x0000c41c                __adddf3
                0x0000c694                __floatunsidf
                0x0000c694                __aeabi_ui2d
                0x0000c6b4                __floatsidf
                0x0000c6b4                __aeabi_i2d
                0x0000c6d8                __aeabi_f2d
                0x0000c6d8                __extendsfdf2
                0x0000c714                __floatundidf
                0x0000c714                __aeabi_ul2d
                0x0000c724                __floatdidf
                0x0000c724                __aeabi_l2d
 .text          0x0000c780      0x424 r:/fehqt/proteus/gcc/bin/../lib/gcc/arm-none-eabi/4.6.2/armv7e-m\libgcc.a(_arm_muldivdf3.o)
                0x0000c780                __aeabi_dmul
                0x0000c780                __muldf3
                0x0000c9d4                __divdf3
                0x0000c9d4                __aeabi_ddiv
 .text          0x0000cba4      0x110 r:/fehqt/proteus/gcc/bin/../lib/gcc/arm-none-eabi/4.6.2/armv7e-m\libgcc.a(_arm_cmpdf2.o)
                0x0000cba4                __gtdf2
                0x0000cba4                __gedf2
                0x0000cbac                __ltdf2
                0x0000cbac                __ledf2
                0x0000cbb4                __nedf2
                0x0000cbb4                __eqdf2
                0x0000cbb4                __cmpdf2
                0x0000cc30                __aeabi_cdrcmple
                0x0000cc40                __aeabi_cdcmpeq
                0x0000cc40                __aeabi_cdcmple
                0x0000cc50                __aeabi_dcmpeq
                0x0000cc64                __aeabi_dcmplt
                0x0000cc78                __aeabi_dcmple
                0x0000cc8c                __aeabi_dcmpge
                0x0000cca0                __aeabi_dcmpgt
 .text          0x0000ccb4       0x50 r:/fehqt/proteus/gcc/bin/../lib/gcc/arm-none-eabi/4.6.2/armv7e-m\libgcc.a(_arm_fixdfsi.o)
                0x0000ccb4                __aeabi_d2iz
                0x0000ccb4                __fixdfsi
 .text          0x0000cd04       0x40 r:/fehqt/proteus/gcc/bin/../lib/gcc/arm-none-eabi/4.6.2/armv7e-m\libgcc.a(_arm_fixunsdfsi.o)
                0x0000cd04                __aeabi_d2uiz
                0x0000cd04                __fixunsdfsi
 .text          0x0000cd44       0xa0 r:/fehqt/proteus/gcc/bin/../lib/gcc/arm-none-eabi/4.6.2/armv7e-m\libgcc.a(_arm_truncdfsf2.o)
                0x0000cd44                __truncdfsf2
                0x0000cd44                __aeabi_d2f
 .text          0x0000cde4      0x21c r:/fehqt/proteus/gcc/bin/../lib/gcc/arm-none-eabi/4.6.2/armv7e-m\libgcc.a(_arm_addsubsf3.o)
                0x0000cde4                __aeabi_frsub
                0x0000cdec                __subsf3
                0x0000cdec                __aeabi_fsub
                0x0000cdf0                __aeabi_fadd
                0x0000cdf0                __addsf3
                0x0000cf50                __aeabi_ui2f
                0x0000cf50                __floatunsisf
                0x0000cf58                __aeabi_i2f
                0x0000cf58                __floatsisf
                0x0000cf74                __aeabi_ul2f
                0x0000cf74                __floatundisf
                0x0000cf84                __aeabi_l2f
                0x0000cf84                __floatdisf
 .text          0x0000d000      0x2a0 r:/fehqt/proteus/gcc/bin/../lib/gcc/arm-none-eabi/4.6.2/armv7e-m\libgcc.a(_arm_muldivsf3.o)
                0x0000d000                __mulsf3
                0x0000d000                __aeabi_fmul
                0x0000d168                __aeabi_fdiv
                0x0000d168                __divsf3
 .text          0x0000d2a0       0xec r:/fehqt/proteus/gcc/bin/../lib/gcc/arm-none-eabi/4.6.2/armv7e-m\libgcc.a(_arm_cmpsf2.o)
                0x0000d2a0                __gesf2
                0x0000d2a0                __gtsf2
                0x0000d2a8                __lesf2
                0x0000d2a8                __ltsf2
                0x0000d2b0                __nesf2
                0x0000d2b0                __eqsf2
                0x0000d2b0                __cmpsf2
                0x0000d310                __aeabi_cfrcmple
                0x0000d318                __aeabi_cfcmpeq
                0x0000d318                __aeabi_cfcmple
                0x0000d328                __aeabi_fcmpeq
                0x0000d33c                __aeabi_fcmplt
                0x0000d350                __aeabi_fcmple
                0x0000d364                __aeabi_fcmpge
                0x0000d378                __aeabi_fcmpgt
 .text          0x0000d38c       0x4c r:/fehqt/proteus/gcc/bin/../lib/gcc/arm-none-eabi/4.6.2/armv7e-m\libgcc.a(_arm_fixsfsi.o)
                0x0000d38c                __aeabi_f2iz
                0x0000d38c                __fixsfsi
 .text          0x0000d3d8      0xb54 r:/fehqt/proteus/gcc/bin/../lib/gcc/arm-none-eabi/4.6.2/armv7e-m\libgcc.a(unwind-arm.o)
                0x0000d680                _Unwind_VRS_Get
                0x0000d6c0                _Unwind_VRS_Set
                0x0000da20                __aeabi_unwind_cpp_pr2
                0x0000da24                __aeabi_unwind_cpp_pr1
                0x0000da28                __aeabi_unwind_cpp_pr0
                0x0000da2c                _Unwind_VRS_Pop
                0x0000dde0                _Unwind_GetCFA
                0x0000dde4                __gnu_Unwind_RaiseException
                0x0000de44                __gnu_Unwind_ForcedUnwind
                0x0000de58                __gnu_Unwind_Resume
                0x0000de94                __gnu_Unwind_Resume_or_Rethrow
                0x0000dea4                _Unwind_Complete
                0x0000dea8                _Unwind_DeleteException
                0x0000deb8                __gnu_Unwind_Backtrace
 .text          0x0000df2c      0x1ac r:/fehqt/proteus/gcc/bin/../lib/gcc/arm-none-eabi/4.6.2/armv7e-m\libgcc.a(libunwind.o)
                0x0000df2c                __restore_core_regs
                0x0000df2c                restore_core_regs
                0x0000df44                __gnu_Unwind_Restore_VFP
                0x0000df4c                __gnu_Unwind_Save_VFP
                0x0000df54                __gnu_Unwind_Restore_VFP_D
                0x0000df5c                __gnu_Unwind_Save_VFP_D
                0x0000df64                __gnu_Unwind_Restore_VFP_D_16_to_31
                0x0000df6c                __gnu_Unwind_Save_VFP_D_16_to_31
                0x0000df74                __gnu_Unwind_Restore_WMMXD
                0x0000dfb8                __gnu_Unwind_Save_WMMXD
                0x0000dffc                __gnu_Unwind_Restore_WMMXC
                0x0000e010                __gnu_Unwind_Save_WMMXC
                0x0000e024                ___Unwind_RaiseException
                0x0000e024                _Unwind_RaiseException
                0x0000e048                _Unwind_Resume
                0x0000e048                ___Unwind_Resume
                0x0000e06c                _Unwind_Resume_or_Rethrow
                0x0000e06c                ___Unwind_Resume_or_Rethrow
                0x0000e090                _Unwind_ForcedUnwind
                0x0000e090                ___Unwind_ForcedUnwind
                0x0000e0b4                ___Unwind_Backtrace
                0x0000e0b4                _Unwind_Backtrace
 .text          0x0000e0d8      0x374 r:/fehqt/proteus/gcc/bin/../lib/gcc/arm-none-eabi/4.6.2/armv7e-m\libgcc.a(pr-support.o)
                0x0000e12c                __gnu_unwind_execute
                0x0000e3f4                __gnu_unwind_frame
                0x0000e41c                _Unwind_GetRegionStart
                0x0000e428                _Unwind_GetLanguageSpecificData
                0x0000e43c                _Unwind_GetDataRelBase
                0x0000e444                _Unwind_GetTextRelBase
 *(.text*)
 *fill*         0x0000e44c        0x4 00
 .text.main     0x0000e450      0xfe8 ..\main.o
                0x0000e450                main
 .text._Z12MainMenuCallv
                0x0000f438      0x9f4 ..\main.o
                0x0000f438                MainMenuCall()
 *fill*         0x0000fe2c        0x4 00
 .text._Z17ConfigureMenuCallv
                0x0000fe30      0x768 ..\main.o
                0x0000fe30                ConfigureMenuCall()
 .text._Z41__static_initialization_and_destruction_0ii
                0x00010598      0x214 ..\main.o
 .text._GLOBAL__sub_I_lMotor
                0x000107ac       0x14 ..\main.o
 .text._Z13logDataStuffsv
                0x000107c0      0x398 ..\drive/drive.o
                0x000107c0                logDataStuffs()
 .text._Z16SetPowerStraightv
                0x00010b58       0x80 ..\drive/drive.o
                0x00010b58                SetPowerStraight()
 .text._Z12SetPowerLeftv
                0x00010bd8       0x7c ..\drive/drive.o
                0x00010bd8                SetPowerLeft()
 .text._Z13SetPowerRightv
                0x00010c54       0x84 ..\drive/drive.o
                0x00010c54                SetPowerRight()
 .text._Z17SetPowerBackwardsv
                0x00010cd8       0x80 ..\drive/drive.o
                0x00010cd8                SetPowerBackwards()
 .text._Z12SetPowerStopv
                0x00010d58       0x48 ..\drive/drive.o
                0x00010d58                SetPowerStop()
 .text._Z12SetPowerLeftii
                0x00010da0       0x78 ..\drive/drive.o
                0x00010da0                SetPowerLeft(int, int)
 .text._Z13SetPowerRightii
                0x00010e18       0x80 ..\drive/drive.o
                0x00010e18                SetPowerRight(int, int)
 .text._Z12driveProcessv
                0x00010e98      0x298 ..\drive/drive.o
                0x00010e98                driveProcess()
 .text._Z7theLoopv
                0x00011130      0x144 ..\drive/drive.o
                0x00011130                theLoop()
 .text._Z8PrintInti
                0x00011274       0x44 ..\drive/drive.o
                0x00011274                PrintInt(int)
 .text._Z10PrintFloatf
                0x000112b8       0x44 ..\drive/drive.o
                0x000112b8                PrintFloat(float)
 .text._Z11PrintDoubled
                0x000112fc       0x48 ..\drive/drive.o
                0x000112fc                PrintDouble(double)
 .text._Z9PrintVoidv
                0x00011344       0x2c ..\drive/drive.o
                0x00011344                PrintVoid()
 .text._ZN9OperationC2Ev
                0x00011370       0x20 ..\classes/operation.o
                0x00011370                Operation::Operation()
                0x00011370                Operation::Operation()
 .text._ZN9Operation14set_iOperationEPFviE
                0x00011390       0x24 ..\classes/operation.o
                0x00011390                Operation::set_iOperation(void (*)(int))
 .text._ZN9Operation14set_fOperationEPFvfE
                0x000113b4       0x24 ..\classes/operation.o
                0x000113b4                Operation::set_fOperation(void (*)(float))
 .text._ZN9Operation14set_dOperationEPFvdE
                0x000113d8       0x24 ..\classes/operation.o
                0x000113d8                Operation::set_dOperation(void (*)(double))
 .text._ZN9Operation14set_vOperationEPFvvE
                0x000113fc       0x24 ..\classes/operation.o
                0x000113fc                Operation::set_vOperation(void (*)())
 .text._ZN9Operation11getDataTypeEv
                0x00011420       0x18 ..\classes/operation.o
                0x00011420                Operation::getDataType()
 .text._ZN9Operation18perform_iOperationEi
                0x00011438       0x1c ..\classes/operation.o
                0x00011438                Operation::perform_iOperation(int)
 .text._ZN9Operation18perform_fOperationEf
                0x00011454       0x1c ..\classes/operation.o
                0x00011454                Operation::perform_fOperation(float)
 .text._ZN9Operation18perform_dOperationEd
                0x00011470       0x20 ..\classes/operation.o
                0x00011470                Operation::perform_dOperation(double)
 .text._ZN9Operation18perform_vOperationEv
                0x00011490       0x18 ..\classes/operation.o
                0x00011490                Operation::perform_vOperation()
 .text._ZN16OperationTrackerC2Ei
                0x000114a8       0x60 ..\classes/operation.o
                0x000114a8                OperationTracker::OperationTracker(int)
                0x000114a8                OperationTracker::OperationTracker(int)
 .text._ZN16OperationTracker14add_iOperationEiPFviE
                0x00011508       0x30 ..\classes/operation.o
                0x00011508                OperationTracker::add_iOperation(int, void (*)(int))
 .text._ZN16OperationTracker14add_fOperationEiPFvfE
                0x00011538       0x30 ..\classes/operation.o
                0x00011538                OperationTracker::add_fOperation(int, void (*)(float))
 .text._ZN16OperationTracker14add_dOperationEiPFvdE
                0x00011568       0x30 ..\classes/operation.o
                0x00011568                OperationTracker::add_dOperation(int, void (*)(double))
 .text._ZN16OperationTracker14add_vOperationEiPFvvE
                0x00011598       0x30 ..\classes/operation.o
                0x00011598                OperationTracker::add_vOperation(int, void (*)())
 .text._ZN8MovementC2Ev
                0x000115c8       0x50 ..\classes/movement.o
                0x000115c8                Movement::Movement()
                0x000115c8                Movement::Movement()
 .text._ZN8Movement12getOperationEv
                0x00011618       0x18 ..\classes/movement.o
                0x00011618                Movement::getOperation()
 .text._ZN8Movement11getIntValueEv
                0x00011630       0x18 ..\classes/movement.o
                0x00011630                Movement::getIntValue()
 .text._ZN8Movement13getFloatValueEv
                0x00011648       0x18 ..\classes/movement.o
                0x00011648                Movement::getFloatValue()
 .text._ZN8Movement14getDoubleValueEv
                0x00011660       0x1c ..\classes/movement.o
                0x00011660                Movement::getDoubleValue()
 .text._ZN8Movement11getDataTypeEv
                0x0001167c       0x18 ..\classes/movement.o
                0x0001167c                Movement::getDataType()
 .text._ZN8Movement8getStateEv
                0x00011694       0x18 ..\classes/movement.o
                0x00011694                Movement::getState()
 .text._ZN8Movement11setMovementEii
                0x000116ac       0x8c ..\classes/movement.o
                0x000116ac                Movement::setMovement(int, int)
 .text._ZN8Movement11setMovementEid
                0x00011738       0x94 ..\classes/movement.o
                0x00011738                Movement::setMovement(int, double)
 .text._ZN8Movement13set_iMovementEii
                0x000117cc       0x34 ..\classes/movement.o
                0x000117cc                Movement::set_iMovement(int, int)
 .text._ZN8Movement13set_fMovementEif
                0x00011800       0x34 ..\classes/movement.o
                0x00011800                Movement::set_fMovement(int, float)
 .text._ZN8Movement13set_dMovementEid
                0x00011834       0x38 ..\classes/movement.o
                0x00011834                Movement::set_dMovement(int, double)
 .text._ZN8Movement13set_vMovementEi
                0x0001186c       0x2c ..\classes/movement.o
                0x0001186c                Movement::set_vMovement(int)
 .text._ZN8Movement11setMovementES_
                0x00011898       0x7c ..\classes/movement.o
                0x00011898                Movement::setMovement(Movement)
 .text._ZN8Movement8setStateEb
                0x00011914       0x30 ..\classes/movement.o
                0x00011914                Movement::setState(bool)
 .text._ZN8Movement17perform_iMovementEv
                0x00011944       0x3c ..\classes/movement.o
                0x00011944                Movement::perform_iMovement()
 .text._ZN8Movement17perform_fMovementEv
                0x00011980       0x3c ..\classes/movement.o
                0x00011980                Movement::perform_fMovement()
 .text._ZN8Movement17perform_dMovementEv
                0x000119bc       0x3c ..\classes/movement.o
                0x000119bc                Movement::perform_dMovement()
 .text._ZN8Movement17perform_vMovementEv
                0x000119f8       0x34 ..\classes/movement.o
                0x000119f8                Movement::perform_vMovement()
 .text._ZN15MovementTrackerC2Ev
                0x00011a2c       0x5c ..\classes/movement.o
                0x00011a2c                MovementTracker::MovementTracker()
                0x00011a2c                MovementTracker::MovementTracker()
 .text._ZN6optionC2Ev
                0x00011a88       0x50 ..\classes/menu.o
                0x00011a88                option::option()
                0x00011a88                option::option()
 .text._ZN6option9setJeffIDEi
                0x00011ad8       0x1c ..\classes/menu.o
                0x00011ad8                option::setJeffID(int)
 .text._ZN6option9setOptionEiPKc
                0x00011af4       0x2c ..\classes/menu.o
                0x00011af4                option::setOption(int, char const*)
 .text._ZN6option9setOptionEi8Movement
                0x00011b20       0x70 ..\classes/menu.o
                0x00011b20                option::setOption(int, Movement)
 .text._ZN6option9setOptionES_
                0x00011b90       0xa4 ..\classes/menu.o
                0x00011b90                option::setOption(option)
 .text._ZN6option8setStateEb
                0x00011c34       0x34 ..\classes/menu.o
                0x00011c34                option::setState(bool)
 .text._ZN6option9getJeffIDEv
                0x00011c68       0x18 ..\classes/menu.o
                0x00011c68                option::getJeffID()
 .text._ZN6option11getDataTypeEv
                0x00011c80       0x18 ..\classes/menu.o
                0x00011c80                option::getDataType()
 .text._ZN6option7getLineEv
                0x00011c98       0x18 ..\classes/menu.o
                0x00011c98                option::getLine()
 .text._ZN6option7getNameEv
                0x00011cb0       0x18 ..\classes/menu.o
                0x00011cb0                option::getName()
 .text._ZN6option11getMovementEv
                0x00011cc8       0x34 ..\classes/menu.o
                0x00011cc8                option::getMovement()
 .text._ZN6option8getStateEv
                0x00011cfc       0x1c ..\classes/menu.o
                0x00011cfc                option::getState()
 .text._ZN6option7displayEv
                0x00011d18      0x1c0 ..\classes/menu.o
                0x00011d18                option::display()
 .text._ZN4MenuC2Ev
                0x00011ed8       0x5c ..\classes/menu.o
                0x00011ed8                Menu::Menu()
                0x00011ed8                Menu::Menu()
 .text._ZN4Menu9addOptionEPKc
                0x00011f34      0x244 ..\classes/menu.o
                0x00011f34                Menu::addOption(char const*)
 .text._ZN4Menu9addOptionEPKci
                0x00012178      0x260 ..\classes/menu.o
                0x00012178                Menu::addOption(char const*, int)
 .text._ZN4Menu9addOptionE8Movement
                0x000123d8      0x244 ..\classes/menu.o
                0x000123d8                Menu::addOption(Movement)
 .text._ZN4Menu12setSubOpMenuEb
                0x0001261c       0x1c ..\classes/menu.o
                0x0001261c                Menu::setSubOpMenu(bool)
 .text._ZN4Menu16setSelectionSizeEi
                0x00012638       0x1c ..\classes/menu.o
                0x00012638                Menu::setSelectionSize(int)
 *fill*         0x00012654        0x4 00
 .text._ZN4Menu13UserInterfaceEv
                0x00012658      0x340 ..\classes/menu.o
                0x00012658                Menu::UserInterface()
 .text._ZN4Menu10drawCursorEi
                0x00012998       0x34 ..\classes/menu.o
                0x00012998                Menu::drawCursor(int)
 .text._Z13mainMenuSetupv
                0x000129cc       0xd0 ..\setup/menuSetup1.o
                0x000129cc                mainMenuSetup()
 .text._Z13pageMenuSetupv
                0x00012a9c       0xf8 ..\setup/menuSetup1.o
                0x00012a9c                pageMenuSetup()
 .text._Z18operationMenuSetupv
                0x00012b94       0x94 ..\setup/menuSetup1.o
                0x00012b94                operationMenuSetup()
 .text._Z13moveMenuSetupv
                0x00012c28      0x128 ..\setup/menuSetup2.o
                0x00012c28                moveMenuSetup()
 .text._Z15opSubMenusSetupv
                0x00012d50       0x68 ..\setup/menuSetup2.o
                0x00012d50                opSubMenusSetup()
 .text._Z9SetDoubledPdi
                0x00012db8       0xe4 ..\other.o
                0x00012db8                SetDouble(double, double*, int)
 *fill*         0x00012e9c        0x4 00
 .text._Z15IncrementDoubledd
                0x00012ea0      0x140 ..\other.o
                0x00012ea0                IncrementDouble(double, double)
 .text._Z8SetFloatfPfi
                0x00012fe0       0xf4 ..\other.o
                0x00012fe0                SetFloat(float, float*, int)
 .text._Z10SetIntegeriPii
                0x000130d4       0xf4 ..\other.o
                0x000130d4                SetInteger(int, int*, int)
 .text._Z10myAbsolutef
                0x000131c8       0x40 ..\other.o
                0x000131c8                myAbsolute(float)
 .text._Z12DriveForTimef
                0x00013208       0xb4 ..\drive/1_driveTimers.o
                0x00013208                DriveForTime(float)
 .text._Z15TurnLeftForTimef
                0x000132bc       0xb0 ..\drive/1_driveTimers.o
                0x000132bc                TurnLeftForTime(float)
 .text._Z16TurnRightForTimef
                0x0001336c       0xb0 ..\drive/1_driveTimers.o
                0x0001336c                TurnRightForTime(float)
 .text._Z16BackwardsForTimef
                0x0001341c       0xb4 ..\drive/1_driveTimers.o
                0x0001341c                BackwardsForTime(float)
 .text._Z10EncForwardd
                0x000134d0      0x218 ..\drive/2_driveEncoders.o
                0x000134d0                EncForward(double)
 .text._Z7EncLeftd
                0x000136e8      0x208 ..\drive/2_driveEncoders.o
                0x000136e8                EncLeft(double)
 .text._Z8EncRightd
                0x000138f0      0x228 ..\drive/2_driveEncoders.o
                0x000138f0                EncRight(double)
 .text._Z11EncBackwardd
                0x00013b18      0x218 ..\drive/2_driveEncoders.o
                0x00013b18                EncBackward(double)
 .text._Z19ChangeOptoThresholdd
                0x00013d30       0x28 ..\drive/3_driveLine.o
                0x00013d30                ChangeOptoThreshold(double)
 .text._Z15FollowBlackLined
                0x00013d58      0x1c0 ..\drive/3_driveLine.o
                0x00013d58                FollowBlackLine(double)
 .text._Z15FollowLightLined
                0x00013f18      0x1c0 ..\drive/3_driveLine.o
                0x00013f18                FollowLightLine(double)
 .text._Z17unFollowBlackLined
                0x000140d8      0x1c0 ..\drive/3_driveLine.o
                0x000140d8                unFollowBlackLine(double)
 .text._Z17unFollowLightLined
                0x00014298      0x1c0 ..\drive/3_driveLine.o
                0x00014298                unFollowLightLine(double)
 .text._Z13GetOptoThreshv
                0x00014458      0x150 ..\drive/3_driveLine.o
                0x00014458                GetOptoThresh()
 .text._Z15BlackLineFollowd
                0x000145a8      0x214 ..\drive/3_driveLine.o
                0x000145a8                BlackLineFollow(double)
 .text._Z16YellowLineFollowd
                0x000147bc      0x214 ..\drive/3_driveLine.o
                0x000147bc                YellowLineFollow(double)
 .text._Z13JeffBlackLined
                0x000149d0      0x238 ..\drive/3_driveLine.o
                0x000149d0                JeffBlackLine(double)
 .text._Z13JeffLightLined
                0x00014c08      0x240 ..\drive/3_driveLine.o
                0x00014c08                JeffLightLine(double)
 .text._Z14SetServoDegreei
                0x00014e48       0x8c ..\drive/4_driveGeneral.o
                0x00014e48                SetServoDegree(int)
 *fill*         0x00014ed4        0x4 00
 .text._Z17DisplayLightValuev
                0x00014ed8      0x108 ..\drive/4_driveGeneral.o
                0x00014ed8                DisplayLightValue()
 .text._Z17FlyOverLightValued
                0x00014fe0      0x1a0 ..\drive/4_driveGeneral.o
                0x00014fe0                FlyOverLightValue(double)
 .text._Z17LightDecisionTurnd
                0x00015180       0x68 ..\drive/4_driveGeneral.o
                0x00015180                LightDecisionTurn(double)
 .text._Z10PushButtonv
                0x000151e8       0x74 ..\drive/4_driveGeneral.o
                0x000151e8                PushButton()
 *fill*         0x0001525c        0x4 00
 .text._Z5Microd
                0x00015260       0xd0 ..\drive/4_driveGeneral.o
                0x00015260                Micro(double)
 .text._Z11MoveToRealXd
                0x00015330       0x94 ..\drive/5_driveRealRPS.o
                0x00015330                MoveToRealX(double)
 .text._Z11MoveToRealYd
                0x000153c4       0x94 ..\drive/5_driveRealRPS.o
                0x000153c4                MoveToRealY(double)
 .text._Z15TurnLeftPast180v
                0x00015458       0x88 ..\drive/6_driveRealRPSTurn.o
                0x00015458                TurnLeftPast180()
 .text._Z14TurnRightPast0v
                0x000154e0       0x78 ..\drive/6_driveRealRPSTurn.o
                0x000154e0                TurnRightPast0()
 .text._Z15TurnLeftToAngled
                0x00015558       0x1c ..\drive/6_driveRealRPSTurn.o
                0x00015558                TurnLeftToAngle(double)
 .text._Z16TurnRightToAngled
                0x00015574       0x1c ..\drive/6_driveRealRPSTurn.o
                0x00015574                TurnRightToAngle(double)
 .text._Z17UnsafeTurnToAngled
                0x00015590       0xc8 ..\drive/6_driveRealRPSTurn.o
                0x00015590                UnsafeTurnToAngle(double)
 .text._Z16RelativeTurnLeftd
                0x00015658       0x60 ..\drive/6_driveRealRPSTurn.o
                0x00015658                RelativeTurnLeft(double)
 .text._Z17RelativeTurnRightd
                0x000156b8       0x60 ..\drive/6_driveRealRPSTurn.o
                0x000156b8                RelativeTurnRight(double)
 .text._Z11SlowEncLeftdi
                0x00015718      0x1d8 ..\drive/6_driveRealRPSTurn.o
                0x00015718                SlowEncLeft(double, int)
 .text._Z12SlowEncRightdi
                0x000158f0      0x1f8 ..\drive/6_driveRealRPSTurn.o
                0x000158f0                SlowEncRight(double, int)
 .text._ZN10RPScleanerC2Ev
                0x00015ae8       0x50 ..\classes/RPScleaning.o
                0x00015ae8                RPScleaner::RPScleaner()
                0x00015ae8                RPScleaner::RPScleaner()
 .text._ZN10RPScleaner6updateEv
                0x00015b38       0x58 ..\classes/RPScleaning.o
                0x00015b38                RPScleaner::update()
 .text._ZN10RPScleaner21currentValuesAreLegitEv
                0x00015b90       0xf0 ..\classes/RPScleaning.o
                0x00015b90                RPScleaner::currentValuesAreLegit()
 .text._ZN10RPScleaner11getCurrentXEv
                0x00015c80       0x18 ..\classes/RPScleaning.o
                0x00015c80                RPScleaner::getCurrentX()
 .text._ZN10RPScleaner11getCurrentYEv
                0x00015c98       0x18 ..\classes/RPScleaning.o
                0x00015c98                RPScleaner::getCurrentY()
 .text._ZN10RPScleaner15getCurrentAngleEv
                0x00015cb0       0x18 ..\classes/RPScleaning.o
                0x00015cb0                RPScleaner::getCurrentAngle()
 .text.zero_fill_bss
                0x00015cc8       0x34 Startup\__arm_start.o
 .text.__thumb_startup
                0x00015cfc       0x34 Startup\__arm_start.o
                0x00015cfc                __thumb_startup
 .text.InitFEHProteus
                0x00015d30      0x15c Startup\__arm_start.o
                0x00015d30                InitFEHProteus
 .text.pll_init_bl
                0x00015e8c      0x130 Startup\__arm_start.o
 .text.InitPowerButton
                0x00015fbc       0x90 Startup\__arm_start.o
                0x00015fbc                InitPowerButton
 .text._ExitProcess
                0x0001604c        0xc Startup\__arm_end.o
                0x0001604c                _ExitProcess
 .text.Default_Handler
                0x00016058        0xc Startup\kinetis_sysinit.o
                0x00016058                BusFault_Handler()
                0x00016058                HardFault_Handler()
                0x00016058                SysTick_Handler()
                0x00016058                PendSV_Handler()
                0x00016058                DebugMonitor_Handler()
                0x00016058                MemManage_Handler()
                0x00016058                NMI_Handler()
                0x00016058                SVC_Handler()
                0x00016058                Default_Handler
                0x00016058                UsageFault_Handler()
 .text.__init_hardware
                0x00016064       0x44 Startup\kinetis_sysinit.o
                0x00016064                __init_hardware
 .text._Z8PortDISRv
                0x000160a8       0x5c Startup\kinetis_sysinit.o
                0x000160a8                PortDISR()
 .text._ZN8FEHMotorC2ENS_12FEHMotorPortE
                0x00016104       0x28 Libraries\FEHMotor.o
                0x00016104                FEHMotor::FEHMotor(FEHMotor::FEHMotorPort)
                0x00016104                FEHMotor::FEHMotor(FEHMotor::FEHMotorPort)
 .text._ZN8FEHMotor4StopEv
                0x0001612c       0x3c Libraries\FEHMotor.o
                0x0001612c                FEHMotor::Stop()
 .text._ZN8FEHMotor10SetPercentEf
                0x00016168       0xd8 Libraries\FEHMotor.o
                0x00016168                FEHMotor::SetPercent(float)
 .text._Z9uart_initPV11UART_MemMapii
                0x00016240      0x20c Drivers\uart.o
                0x00016240                uart_init(UART_MemMap volatile*, int, int)
 .text._Z12uart_getcharPV11UART_MemMap
                0x0001644c       0x34 Drivers\uart.o
                0x0001644c                uart_getchar(UART_MemMap volatile*)
 .text._Z12uart_putcharPV11UART_MemMapc
                0x00016480       0x38 Drivers\uart.o
                0x00016480                uart_putchar(UART_MemMap volatile*, char)
 .text._Z13time_delay_msm
                0x000164b8       0xa4 Drivers\lptmr.o
                0x000164b8                time_delay_ms(unsigned long)
 .text._Z41__static_initialization_and_destruction_0ii
                0x0001655c       0x30 FEHProteus.o
 .text._GLOBAL__sub_I_Propeller
                0x0001658c       0x14 FEHProteus.o
 .text._ZN12FEHPropellerC2Ev
                0x000165a0       0x20 Drivers\FEHPropeller.o
                0x000165a0                FEHPropeller::FEHPropeller()
                0x000165a0                FEHPropeller::FEHPropeller()
 .text._ZN12FEHPropeller10InitializeEv
                0x000165c0       0x94 Drivers\FEHPropeller.o
                0x000165c0                FEHPropeller::Initialize()
 .text._ZN12FEHPropeller12SetMotorRateEhhh
                0x00016654       0x78 Drivers\FEHPropeller.o
                0x00016654                FEHPropeller::SetMotorRate(unsigned char, unsigned char, unsigned char)
 .text._ZL5Delaymjj
                0x000166cc       0xc4 Libraries\FEHUtility.o
 .text._Z5Sleepi
                0x00016790       0x34 Libraries\FEHUtility.o
                0x00016790                Sleep(int)
 *fill*         0x000167c4        0x4 00
 .text._Z5Sleepd
                0x000167c8       0x58 Libraries\FEHUtility.o
                0x000167c8                Sleep(double)
 .text._Z7TimeNowv
                0x00016820       0x70 Libraries\FEHUtility.o
                0x00016820                TimeNow()
 .text._Z11TimeNowMSecv
                0x00016890       0x44 Libraries\FEHUtility.o
                0x00016890                TimeNowMSec()
 .text._ZN15DigitalInputPinC2EN5FEHIO8FEHIOPinE
                0x000168d4       0x24 Libraries\FEHIO.o
                0x000168d4                DigitalInputPin::DigitalInputPin(FEHIO::FEHIOPin)
                0x000168d4                DigitalInputPin::DigitalInputPin(FEHIO::FEHIOPin)
 .text._ZN15DigitalInputPinC2Ev
                0x000168f8       0x18 Libraries\FEHIO.o
                0x000168f8                DigitalInputPin::DigitalInputPin()
                0x000168f8                DigitalInputPin::DigitalInputPin()
 .text._ZN15DigitalInputPin10InitializeEN5FEHIO8FEHIOPinE
                0x00016910      0x224 Libraries\FEHIO.o
                0x00016910                DigitalInputPin::Initialize(FEHIO::FEHIOPin)
 .text._ZN15DigitalInputPin5ValueEv
                0x00016b34      0x148 Libraries\FEHIO.o
                0x00016b34                DigitalInputPin::Value()
 .text._ZN14AnalogInputPinC2EN5FEHIO8FEHIOPinE
                0x00016c7c       0x20 Libraries\FEHIO.o
                0x00016c7c                AnalogInputPin::AnalogInputPin(FEHIO::FEHIOPin)
                0x00016c7c                AnalogInputPin::AnalogInputPin(FEHIO::FEHIOPin)
 *fill*         0x00016c9c        0x4 00
 .text._ZN14AnalogInputPin5ValueEv
                0x00016ca0      0x1c0 Libraries\FEHIO.o
                0x00016ca0                AnalogInputPin::Value()
 .text._ZN10FEHEncoder12EncoderValueEv
                0x00016e60       0xe4 Libraries\FEHIO.o
                0x00016e60                FEHEncoder::EncoderValue()
 .text._ZN14AnalogInputPin8InitADCsEv
                0x00016f44      0x120 Libraries\FEHIO.o
                0x00016f44                AnalogInputPin::InitADCs()
 .text._Z8pit0_isrv
                0x00017064       0x34 Libraries\FEHIO.o
                0x00017064                pit0_isr()
 .text._ZN10FEHEncoder4InitEv
                0x00017098       0x64 Libraries\FEHIO.o
                0x00017098                FEHEncoder::Init()
 .text._ZN10FEHEncoder14SetCounterInitEj
                0x000170fc       0x20 Libraries\FEHIO.o
                0x000170fc                FEHEncoder::SetCounterInit(unsigned int)
 .text._ZN10FEHEncoderC2EN5FEHIO8FEHIOPinE
                0x0001711c      0x194 Libraries\FEHIO.o
                0x0001711c                FEHEncoder::FEHEncoder(FEHIO::FEHIOPin)
                0x0001711c                FEHEncoder::FEHEncoder(FEHIO::FEHIOPin)
 .text._ZN10FEHEncoder13SetThresholdsEff
                0x000172b0       0xa0 Libraries\FEHIO.o
                0x000172b0                FEHEncoder::SetThresholds(float, float)
 .text._ZN10FEHEncoderD2Ev
                0x00017350       0xb8 Libraries\FEHIO.o
                0x00017350                FEHEncoder::~FEHEncoder()
                0x00017350                FEHEncoder::~FEHEncoder()
 .text._ZN10FEHEncoder10ProcessIntEv
                0x00017408       0x80 Libraries\FEHIO.o
                0x00017408                FEHEncoder::ProcessInt()
 .text._ZN10FEHEncoder14ProcessIntSelfEv
                0x00017488       0x80 Libraries\FEHIO.o
                0x00017488                FEHEncoder::ProcessIntSelf()
 .text._ZN10FEHEncoder6CountsEv
                0x00017508       0x18 Libraries\FEHIO.o
                0x00017508                FEHEncoder::Counts()
 .text._ZN10FEHEncoder11ResetCountsEv
                0x00017520       0x1c Libraries\FEHIO.o
                0x00017520                FEHEncoder::ResetCounts()
 .text._ZN11ButtonBoardC2EN5FEHIO9FEHIOPortE
                0x0001753c      0x10c Libraries\FEHIO.o
                0x0001753c                ButtonBoard::ButtonBoard(FEHIO::FEHIOPort)
                0x0001753c                ButtonBoard::ButtonBoard(FEHIO::FEHIOPort)
 .text._ZN11ButtonBoard11LeftPressedEv
                0x00017648       0x24 Libraries\FEHIO.o
                0x00017648                ButtonBoard::LeftPressed()
 .text._ZN11ButtonBoard13MiddlePressedEv
                0x0001766c       0x28 Libraries\FEHIO.o
                0x0001766c                ButtonBoard::MiddlePressed()
 .text._ZN11ButtonBoard12RightPressedEv
                0x00017694       0x28 Libraries\FEHIO.o
                0x00017694                ButtonBoard::RightPressed()
 .text._Z7ADC_CalPV10ADC_MemMap
                0x000176bc      0x14c Drivers\adc16.o
                0x000176bc                ADC_Cal(ADC_MemMap volatile*)
 .text._Z14ADC_Config_AltPV10ADC_MemMapP7adc_cfg
                0x00017808       0x6c Drivers\adc16.o
                0x00017808                ADC_Config_Alt(ADC_MemMap volatile*, adc_cfg*)
 .text._ZN9FEHBuzzerC2Ev
                0x00017874       0x18 Libraries\FEHBuzzer.o
                0x00017874                FEHBuzzer::FEHBuzzer()
                0x00017874                FEHBuzzer::FEHBuzzer()
 .text._Z41__static_initialization_and_destruction_0ii
                0x0001788c       0x30 Libraries\FEHBuzzer.o
 .text._GLOBAL__sub_I_Buzzer
                0x000178bc       0x14 Libraries\FEHBuzzer.o
 .text._ZN8FEHServoC2ENS_12FEHServoPortE
                0x000178d0       0x3c Libraries\FEHServo.o
                0x000178d0                FEHServo::FEHServo(FEHServo::FEHServoPort)
                0x000178d0                FEHServo::FEHServo(FEHServo::FEHServoPort)
 .text._ZN8FEHServo6SetMinEi
                0x0001790c       0x3c Libraries\FEHServo.o
                0x0001790c                FEHServo::SetMin(int)
 .text._ZN8FEHServo6SetMaxEi
                0x00017948       0x3c Libraries\FEHServo.o
                0x00017948                FEHServo::SetMax(int)
 *fill*         0x00017984        0x4 00
 .text._ZN8FEHServo9SetDegreeEf
                0x00017988      0x148 Libraries\FEHServo.o
                0x00017988                FEHServo::SetDegree(float)
 .text._ZN8FEHServo9DigitalOnEv
                0x00017ad0       0x64 Libraries\FEHServo.o
                0x00017ad0                FEHServo::DigitalOn()
 .text._ZN8FEHServo10DigitalOffEv
                0x00017b34       0x64 Libraries\FEHServo.o
                0x00017b34                FEHServo::DigitalOff()
 .text._ZN8FEHServo9CalibrateEv
                0x00017b98      0x384 Libraries\FEHServo.o
                0x00017b98                FEHServo::Calibrate()
 .text._ZN6FEHLCD11_InitializeEv
                0x00017f1c      0x5c0 Libraries\FEHLCD.o
                0x00017f1c                FEHLCD::_Initialize()
 .text._ZN6FEHLCDC2Ev
                0x000184dc       0x64 Libraries\FEHLCD.o
                0x000184dc                FEHLCD::FEHLCD()
                0x000184dc                FEHLCD::FEHLCD()
 .text._ZN6FEHLCD10InitializeEv
                0x00018540       0x38 Libraries\FEHLCD.o
                0x00018540                FEHLCD::Initialize()
 .text._ZN6FEHLCD10PrintImageEii
                0x00018578       0xf4 Libraries\FEHLCD.o
                0x00018578                FEHLCD::PrintImage(int, int)
 .text._ZN6FEHLCD22ConvertFEHColorTo24BitENS_11FEHLCDColorE
                0x0001866c       0x80 Libraries\FEHLCD.o
                0x0001866c                FEHLCD::ConvertFEHColorTo24Bit(FEHLCD::FEHLCDColor)
 .text._ZN6FEHLCD24Convert24BitColorTo16BitEj
                0x000186ec       0x40 Libraries\FEHLCD.o
                0x000186ec                FEHLCD::Convert24BitColorTo16Bit(unsigned int)
 .text._ZN6FEHLCD22ConvertRGBColorTo16BitEhhh
                0x0001872c       0x44 Libraries\FEHLCD.o
                0x0001872c                FEHLCD::ConvertRGBColorTo16Bit(unsigned char, unsigned char, unsigned char)
 .text._ZN6FEHLCD5ClearENS_11FEHLCDColorE
                0x00018770       0x28 Libraries\FEHLCD.o
                0x00018770                FEHLCD::Clear(FEHLCD::FEHLCDColor)
 .text._ZN6FEHLCD5ClearEj
                0x00018798       0x2c Libraries\FEHLCD.o
                0x00018798                FEHLCD::Clear(unsigned int)
 .text._ZN6FEHLCD5ClearEv
                0x000187c4       0x18 Libraries\FEHLCD.o
                0x000187c4                FEHLCD::Clear()
 .text._ZN6FEHLCD18SetBackgroundColorENS_11FEHLCDColorE
                0x000187dc       0x28 Libraries\FEHLCD.o
                0x000187dc                FEHLCD::SetBackgroundColor(FEHLCD::FEHLCDColor)
 .text._ZN6FEHLCD18SetBackgroundColorEj
                0x00018804       0x28 Libraries\FEHLCD.o
                0x00018804                FEHLCD::SetBackgroundColor(unsigned int)
 .text._ZN6FEHLCD12SetFontColorENS_11FEHLCDColorE
                0x0001882c       0x28 Libraries\FEHLCD.o
                0x0001882c                FEHLCD::SetFontColor(FEHLCD::FEHLCDColor)
 .text._ZN6FEHLCD12SetFontColorEj
                0x00018854       0x28 Libraries\FEHLCD.o
                0x00018854                FEHLCD::SetFontColor(unsigned int)
 .text._ZN6FEHLCD7WriteAtEPKcii
                0x0001887c       0x58 Libraries\FEHLCD.o
                0x0001887c                FEHLCD::WriteAt(char const*, int, int)
 .text._ZN6FEHLCD5WriteEPKc
                0x000188d4       0x5c Libraries\FEHLCD.o
                0x000188d4                FEHLCD::Write(char const*)
 .text._ZN6FEHLCD5WriteEi
                0x00018930       0x34 Libraries\FEHLCD.o
                0x00018930                FEHLCD::Write(int)
 .text._ZN6FEHLCD5WriteEf
                0x00018964       0xdc Libraries\FEHLCD.o
                0x00018964                FEHLCD::Write(float)
 .text._ZN6FEHLCD5WriteEd
                0x00018a40       0x28 Libraries\FEHLCD.o
                0x00018a40                FEHLCD::Write(double)
 .text._ZN6FEHLCD5WriteEc
                0x00018a68       0x30 Libraries\FEHLCD.o
                0x00018a68                FEHLCD::Write(char)
 .text._ZN6FEHLCD9WriteLineEPKc
                0x00018a98       0x28 Libraries\FEHLCD.o
                0x00018a98                FEHLCD::WriteLine(char const*)
 .text._ZN6FEHLCD9WriteLineEi
                0x00018ac0       0x28 Libraries\FEHLCD.o
                0x00018ac0                FEHLCD::WriteLine(int)
 .text._ZN6FEHLCD9WriteLineEf
                0x00018ae8       0x28 Libraries\FEHLCD.o
                0x00018ae8                FEHLCD::WriteLine(float)
 .text._ZN6FEHLCD9WriteLineEd
                0x00018b10       0x2c Libraries\FEHLCD.o
                0x00018b10                FEHLCD::WriteLine(double)
 .text._ZN6FEHLCD9WriteLineEc
                0x00018b3c       0x2c Libraries\FEHLCD.o
                0x00018b3c                FEHLCD::WriteLine(char)
 .text._ZN6FEHLCD10WriteIndexEh
                0x00018b68      0x288 Libraries\FEHLCD.o
                0x00018b68                FEHLCD::WriteIndex(unsigned char)
 .text._ZN6FEHLCD14WriteParameterEh
                0x00018df0      0x254 Libraries\FEHLCD.o
                0x00018df0                FEHLCD::WriteParameter(unsigned char)
 .text._ZN6FEHLCD6_ClearEv
                0x00019044      0x228 Libraries\FEHLCD.o
                0x00019044                FEHLCD::_Clear()
 .text._ZN6FEHLCD8NextLineEv
                0x0001926c       0x30 Libraries\FEHLCD.o
                0x0001926c                FEHLCD::NextLine()
 .text._ZN6FEHLCD9CheckLineEv
                0x0001929c       0x2c Libraries\FEHLCD.o
                0x0001929c                FEHLCD::CheckLine()
 .text._ZN6FEHLCD8NextCharEv
                0x000192c8       0x34 Libraries\FEHLCD.o
                0x000192c8                FEHLCD::NextChar()
 .text._ZN6FEHLCD9DrawPixelEii
                0x000192fc       0x30 Libraries\FEHLCD.o
                0x000192fc                FEHLCD::DrawPixel(int, int)
 .text._Z4SwapRiS_
                0x0001932c       0x28 Libraries\FEHLCD.o
                0x0001932c                Swap(int&, int&)
 .text.abs      0x00019354       0x24 Libraries\FEHLCD.o
                0x00019354                abs
 .text._ZN6FEHLCD13DrawRectangleEiiii
                0x00019378       0x80 Libraries\FEHLCD.o
                0x00019378                FEHLCD::DrawRectangle(int, int, int, int)
 .text._ZN6FEHLCD13SetDrawRegionEiiii
                0x000193f8      0x10c Libraries\FEHLCD.o
                0x000193f8                FEHLCD::SetDrawRegion(int, int, int, int)
 .text._ZN6FEHLCD13FillRectangleEiiii
                0x00019504       0x5c Libraries\FEHLCD.o
                0x00019504                FEHLCD::FillRectangle(int, int, int, int)
 .text._ZN6FEHLCD8DrawLineEiiii
                0x00019560      0x178 Libraries\FEHLCD.o
                0x00019560                FEHLCD::DrawLine(int, int, int, int)
 .text._ZN6FEHLCD9WriteCharEiic
                0x000196d8       0x40 Libraries\FEHLCD.o
                0x000196d8                FEHLCD::WriteChar(int, int, char)
 .text._ZN6FEHLCD11WriteCharAtEiic
                0x00019718      0x278 Libraries\FEHLCD.o
                0x00019718                FEHLCD::WriteCharAt(int, int, char)
 .text._ZN6FEHLCD11RepeatColorEv
                0x00019990       0xbc Libraries\FEHLCD.o
                0x00019990                FEHLCD::RepeatColor()
 .text._ZN6FEHLCD10_ForePixelEv
                0x00019a4c      0x160 Libraries\FEHLCD.o
                0x00019a4c                FEHLCD::_ForePixel()
 .text._ZN6FEHLCD10_BackPixelEv
                0x00019bac      0x160 Libraries\FEHLCD.o
                0x00019bac                FEHLCD::_BackPixel()
 .text._ZN6FEHLCD22SetRegisterColorValuesEv
                0x00019d0c      0x4c0 Libraries\FEHLCD.o
                0x00019d0c                FEHLCD::SetRegisterColorValues()
 .text._Z41__static_initialization_and_destruction_0ii
                0x0001a1cc       0x30 Libraries\FEHLCD.o
 .text._GLOBAL__sub_I_image
                0x0001a1fc       0x14 Libraries\FEHLCD.o
 .text._ZN10FEHBattery7VoltageEv
                0x0001a210       0x38 Libraries\FEHBattery.o
                0x0001a210                FEHBattery::Voltage()
 .text._ZN10FEHBatteryC2EN5FEHIO8FEHIOPinE
                0x0001a248       0x24 Libraries\FEHBattery.o
                0x0001a248                FEHBattery::FEHBattery(FEHIO::FEHIOPin)
                0x0001a248                FEHBattery::FEHBattery(FEHIO::FEHIOPin)
 .text._Z41__static_initialization_and_destruction_0ii
                0x0001a26c       0x34 Libraries\FEHBattery.o
 .text._GLOBAL__sub_I_Battery
                0x0001a2a0       0x14 Libraries\FEHBattery.o
 .text._ZN7FEHXBeeC2Ev
                0x0001a2b4       0x20 Drivers\FEHXBee.o
                0x0001a2b4                FEHXBee::FEHXBee()
                0x0001a2b4                FEHXBee::FEHXBee()
 .text._ZN7FEHXBee10InitializeEv
                0x0001a2d4      0x148 Drivers\FEHXBee.o
                0x0001a2d4                FEHXBee::Initialize()
 .text._ZN7FEHXBee13IsInitializedEv
                0x0001a41c       0x18 Drivers\FEHXBee.o
                0x0001a41c                FEHXBee::IsInitialized()
 .text._ZN7FEHXBee17ReceiveDataSearchEPcjh
                0x0001a434       0xb4 Drivers\FEHXBee.o
                0x0001a434                FEHXBee::ReceiveDataSearch(char*, unsigned int, unsigned char)
 .text._ZN7FEHXBee8SendDataEPcj
                0x0001a4e8       0x50 Drivers\FEHXBee.o
                0x0001a4e8                FEHXBee::SendData(char*, unsigned int)
 .text._ZN7FEHXBee17SetPacketCallBackEPFvPhhE
                0x0001a538       0x20 Drivers\FEHXBee.o
                0x0001a538                FEHXBee::SetPacketCallBack(void (*)(unsigned char*, unsigned char))
 .text._Z9UART0_ISRv
                0x0001a558      0x174 Drivers\FEHXBee.o
                0x0001a558                UART0_ISR()
 .text._ZN8FEHWONKAC2Ev
                0x0001a6cc       0x88 Libraries\FEHWONKA.o
                0x0001a6cc                FEHWONKA::FEHWONKA()
                0x0001a6cc                FEHWONKA::FEHWONKA()
 .text._ZN8FEHWONKA14InitializeMenuEv
                0x0001a754      0x1e8 Libraries\FEHWONKA.o
                0x0001a754                FEHWONKA::InitializeMenu()
 .text._ZN8FEHWONKA10InitializeEi
                0x0001a93c      0x740 Libraries\FEHWONKA.o
                0x0001a93c                FEHWONKA::Initialize(int)
 .text._ZN8FEHWONKA10InitializeEc
                0x0001b07c       0x4c Libraries\FEHWONKA.o
                0x0001b07c                FEHWONKA::Initialize(char)
 .text._ZN8FEHWONKA6EnableEv
                0x0001b0c8       0x64 Libraries\FEHWONKA.o
                0x0001b0c8                FEHWONKA::Enable()
 .text._ZN8FEHWONKA7DisableEv
                0x0001b12c       0x2c Libraries\FEHWONKA.o
                0x0001b12c                FEHWONKA::Disable()
 .text._ZN8FEHWONKA19CurrentRegionLetterEv
                0x0001b158       0x20 Libraries\FEHWONKA.o
                0x0001b158                FEHWONKA::CurrentRegionLetter()
 .text._ZN8FEHWONKA4OvenEv
                0x0001b178       0x24 Libraries\FEHWONKA.o
                0x0001b178                FEHWONKA::Oven()
 .text._ZN8FEHWONKA11OvenPressedEv
                0x0001b19c       0x28 Libraries\FEHWONKA.o
                0x0001b19c                FEHWONKA::OvenPressed()
 .text._ZN8FEHWONKA13WaitForPacketEv
                0x0001b1c4       0x78 Libraries\FEHWONKA.o
                0x0001b1c4                FEHWONKA::WaitForPacket()
 .text._ZN8FEHWONKA1XEv
                0x0001b23c       0x20 Libraries\FEHWONKA.o
                0x0001b23c                FEHWONKA::X()
 .text._ZN8FEHWONKA1YEv
                0x0001b25c       0x20 Libraries\FEHWONKA.o
                0x0001b25c                FEHWONKA::Y()
 .text._ZN8FEHWONKA7HeadingEv
                0x0001b27c       0x20 Libraries\FEHWONKA.o
                0x0001b27c                FEHWONKA::Heading()
 .text._Z16WONKADataProcessPhh
                0x0001b29c      0x124 Libraries\FEHWONKA.o
                0x0001b29c                WONKADataProcess(unsigned char*, unsigned char)
 .text._Z41__static_initialization_and_destruction_0ii
                0x0001b3c0       0x40 Libraries\FEHWONKA.o
 .text._GLOBAL__sub_I_WONKA
                0x0001b400       0x14 Libraries\FEHWONKA.o
 .text.sprintf  0x0001b414       0x1c R:\fehqt\Proteus/EWL/lib/armv7e-m\libc.a(sprintf.o)
                0x0001b414                sprintf
 .text.__StringWrite
                0x0001b430       0x28 R:\fehqt\Proteus/EWL/lib/armv7e-m\libc.a(vsnprintf.o)
                0x0001b430                __StringWrite
 .text.vsnprintf
                0x0001b458       0x34 R:\fehqt\Proteus/EWL/lib/armv7e-m\libc.a(vsnprintf.o)
                0x0001b458                vsnprintf
 .text.exit     0x0001b48c       0x38 R:\fehqt\Proteus/EWL/lib/armv7e-m\libc.a(exit.o)
                0x0001b48c                exit
 .text.memcpy   0x0001b4c4       0x12 R:\fehqt\Proteus/EWL/lib/armv7e-m\libc.a(memcpy.o)
                0x0001b4c4                memcpy
 .text.memset   0x0001b4d6        0xc R:\fehqt\Proteus/EWL/lib/armv7e-m\libc.a(memset.o)
                0x0001b4d6                memset
 .text.long2str.isra.0
                0x0001b4e2      0x196 R:\fehqt\Proteus/EWL/lib/armv7e-m\libc.a(printformat_.o)
 .text.__pformatter_
                0x0001b678      0x3f8 R:\fehqt\Proteus/EWL/lib/armv7e-m\libc.a(printformat_.o)
                0x0001b678                __pformatter_
 .text.__sformatter
                0x0001ba70      0x74e R:\fehqt\Proteus/EWL/lib/armv7e-m\libc.a(scanformat_.o)
                0x0001ba70                __sformatter
 *fill*         0x0001c1be        0x2 00
 .text.isalpha  0x0001c1c0       0x1c R:\fehqt\Proteus/EWL/lib/armv7e-m\libc.a(ctype_aeabi.o)
                0x0001c1c0                isalpha
 .text.isspace  0x0001c1dc       0x1c R:\fehqt\Proteus/EWL/lib/armv7e-m\libc.a(ctype_aeabi.o)
                0x0001c1dc                isspace
 .text.toupper  0x0001c1f8        0xc R:\fehqt\Proteus/EWL/lib/armv7e-m\libc.a(ctype_aeabi.o)
                0x0001c1f8                toupper
 .text.__strtoul
                0x0001c204      0x1dc R:\fehqt\Proteus/EWL/lib/armv7e-m\libc.a(__strtoul.o)
                0x0001c204                __strtoul
 .text.__fill_mem
                0x0001c3e0       0x76 R:\fehqt\Proteus/EWL/lib/armv7e-m\libc.a(__filll_mem.o)
                0x0001c3e0                __fill_mem
 .text.memchr   0x0001c456       0x1a R:\fehqt\Proteus/EWL/lib/armv7e-m\libc.a(memchr.o)
                0x0001c456                memchr
 .text.strchr   0x0001c470       0x1c R:\fehqt\Proteus/EWL/lib/armv7e-m\libc.a(strchr.o)
                0x0001c470                strchr
 .text.strlen   0x0001c48c       0x10 R:\fehqt\Proteus/EWL/lib/armv7e-m\libc.a(strlen.o)
                0x0001c48c                strlen
 .text.__init_cpp
                0x0001c49c       0x4c R:\fehqt\Proteus/EWL/lib/armv7e-m\librt.a(gcc_ctor_dtor.o)
                0x0001c49c                __init_cpp
 .text.__fini_cpp
                0x0001c4e8       0x34 R:\fehqt\Proteus/EWL/lib/armv7e-m\librt.a(gcc_ctor_dtor.o)
                0x0001c4e8                __fini_cpp
 .text.__copy_rom_section
                0x0001c51c       0x44 R:\fehqt\Proteus/EWL/lib/armv7e-m\librt.a(ROMCopy.o)
                0x0001c51c                __copy_rom_section
 .text.__copy_rom_sections_to_ram
                0x0001c560       0x34 R:\fehqt\Proteus/EWL/lib/armv7e-m\librt.a(ROMCopy.o)
                0x0001c560                __copy_rom_sections_to_ram
 .text.__destroy_global_chain
                0x0001c594       0x1c R:\fehqt\Proteus/EWL/lib/armv7e-m\librt.a(__arm_eabi_init.o)
                0x0001c594                __destroy_global_chain
 .text.__cxa_atexit
                0x0001c5b0       0x38 R:\fehqt\Proteus/EWL/lib/armv7e-m\librt.a(__arm_eabi_init.o)
                0x0001c5b0                __cxa_atexit
 .text.__aeabi_atexit
                0x0001c5e8        0xa R:\fehqt\Proteus/EWL/lib/armv7e-m\librt.a(__arm_eabi_init.o)
                0x0001c5e8                __aeabi_atexit
 *fill*         0x0001c5f2        0x2 00
 .text.__init_registers
                0x0001c5f4       0x20 R:\fehqt\Proteus/EWL/lib/armv7e-m\librt.a(__arm_eabi_init.o)
                0x0001c5f4                __init_registers
 .text.__init_user
                0x0001c614        0x4 R:\fehqt\Proteus/EWL/lib/armv7e-m\librt.a(__arm_eabi_init.o)
                0x0001c614                __init_user
 .text._ZNSt9bad_allocD2Ev
                0x0001c618        0xc R:\fehqt\Proteus/EWL/lib/armv7e-m\librt.a(New.o)
                0x0001c618                std::bad_alloc::~bad_alloc()
                0x0001c618                std::bad_alloc::~bad_alloc()
 .text._ZNKSt9bad_alloc4whatEv
                0x0001c624        0x8 R:\fehqt\Proteus/EWL/lib/armv7e-m\librt.a(New.o)
                0x0001c624                std::bad_alloc::what() const
 .text._Znwj    0x0001c62c       0x4c R:\fehqt\Proteus/EWL/lib/armv7e-m\librt.a(New.o)
                0x0001c62c                operator new(unsigned int)
 .text._ZdlPv   0x0001c678        0x8 R:\fehqt\Proteus/EWL/lib/armv7e-m\librt.a(New.o)
                0x0001c678                operator delete(void*)
 .text._ZNSt9bad_allocD0Ev
                0x0001c680       0x14 R:\fehqt\Proteus/EWL/lib/armv7e-m\librt.a(New.o)
                0x0001c680                std::bad_alloc::~bad_alloc()
 .text._Znaj    0x0001c694       0x14 R:\fehqt\Proteus/EWL/lib/armv7e-m\librt.a(New.o)
                0x0001c694                operator new[](unsigned int)
 .text._ZNK10__cxxabiv117__class_type_info11__do_upcastEPKS0_PPv
                0x0001c6a8       0x38 r:/fehqt/proteus/gcc/bin/../lib/gcc/arm-none-eabi/4.6.2/../../../../arm-none-eabi/lib/armv7e-m\libsupc++.a(class_type_info.o)
                0x0001c6a8                __cxxabiv1::__class_type_info::__do_upcast(__cxxabiv1::__class_type_info const*, void**) const
 .text._ZNK10__cxxabiv117__class_type_info20__do_find_public_srcEiPKvPKS0_S2_
                0x0001c6e0        0xc r:/fehqt/proteus/gcc/bin/../lib/gcc/arm-none-eabi/4.6.2/../../../../arm-none-eabi/lib/armv7e-m\libsupc++.a(class_type_info.o)
                0x0001c6e0                __cxxabiv1::__class_type_info::__do_find_public_src(int, void const*, __cxxabiv1::__class_type_info const*, void const*) const
 .text._ZNK10__cxxabiv117__class_type_info11__do_upcastEPKS0_PKvRNS0_15__upcast_resultE
                0x0001c6ec       0x1c r:/fehqt/proteus/gcc/bin/../lib/gcc/arm-none-eabi/4.6.2/../../../../arm-none-eabi/lib/armv7e-m\libsupc++.a(class_type_info.o)
                0x0001c6ec                __cxxabiv1::__class_type_info::__do_upcast(__cxxabiv1::__class_type_info const*, void const*, __cxxabiv1::__class_type_info::__upcast_result&) const
 .text._ZN10__cxxabiv117__class_type_infoD2Ev
                0x0001c708       0x14 r:/fehqt/proteus/gcc/bin/../lib/gcc/arm-none-eabi/4.6.2/../../../../arm-none-eabi/lib/armv7e-m\libsupc++.a(class_type_info.o)
                0x0001c708                __cxxabiv1::__class_type_info::~__class_type_info()
                0x0001c708                __cxxabiv1::__class_type_info::~__class_type_info()
 .text._ZN10__cxxabiv117__class_type_infoD0Ev
                0x0001c71c       0x1c r:/fehqt/proteus/gcc/bin/../lib/gcc/arm-none-eabi/4.6.2/../../../../arm-none-eabi/lib/armv7e-m\libsupc++.a(class_type_info.o)
                0x0001c71c                __cxxabiv1::__class_type_info::~__class_type_info()
 .text._ZNK10__cxxabiv117__class_type_info12__do_dyncastEiNS0_10__sub_kindEPKS0_PKvS3_S5_RNS0_16__dyncast_resultE
                0x0001c738       0x3c r:/fehqt/proteus/gcc/bin/../lib/gcc/arm-none-eabi/4.6.2/../../../../arm-none-eabi/lib/armv7e-m\libsupc++.a(class_type_info.o)
                0x0001c738                __cxxabiv1::__class_type_info::__do_dyncast(int, __cxxabiv1::__class_type_info::__sub_kind, __cxxabiv1::__class_type_info const*, void const*, __cxxabiv1::__class_type_info const*, void const*, __cxxabiv1::__class_type_info::__dyncast_result&) const
 .text._ZNK10__cxxabiv117__class_type_info10__do_catchEPKSt9type_infoPPvj
                0x0001c774       0x28 r:/fehqt/proteus/gcc/bin/../lib/gcc/arm-none-eabi/4.6.2/../../../../arm-none-eabi/lib/armv7e-m\libsupc++.a(class_type_info.o)
                0x0001c774                __cxxabiv1::__class_type_info::__do_catch(std::type_info const*, void**, unsigned int) const
 .text.__cxa_allocate_exception
                0x0001c79c       0x70 r:/fehqt/proteus/gcc/bin/../lib/gcc/arm-none-eabi/4.6.2/../../../../arm-none-eabi/lib/armv7e-m\libsupc++.a(eh_alloc.o)
                0x0001c79c                __cxa_allocate_exception
 .text.__cxa_free_exception
                0x0001c80c       0x34 r:/fehqt/proteus/gcc/bin/../lib/gcc/arm-none-eabi/4.6.2/../../../../arm-none-eabi/lib/armv7e-m\libsupc++.a(eh_alloc.o)
                0x0001c80c                __cxa_free_exception
 .text.__cxa_end_cleanup
                0x0001c840        0xc r:/fehqt/proteus/gcc/bin/../lib/gcc/arm-none-eabi/4.6.2/../../../../arm-none-eabi/lib/armv7e-m\libsupc++.a(eh_arm.o)
                0x0001c840                __cxa_end_cleanup
 .text.__cxa_type_match
                0x0001c84c       0xec r:/fehqt/proteus/gcc/bin/../lib/gcc/arm-none-eabi/4.6.2/../../../../arm-none-eabi/lib/armv7e-m\libsupc++.a(eh_arm.o)
                0x0001c84c                __cxa_type_match
 .text.__cxa_begin_cleanup
                0x0001c938       0x78 r:/fehqt/proteus/gcc/bin/../lib/gcc/arm-none-eabi/4.6.2/../../../../arm-none-eabi/lib/armv7e-m\libsupc++.a(eh_arm.o)
                0x0001c938                __cxa_begin_cleanup
 .text.__gnu_end_cleanup
                0x0001c9b0       0x7c r:/fehqt/proteus/gcc/bin/../lib/gcc/arm-none-eabi/4.6.2/../../../../arm-none-eabi/lib/armv7e-m\libsupc++.a(eh_arm.o)
                0x0001c9b0                __gnu_end_cleanup
 .text.__cxa_bad_typeid
                0x0001ca2c       0x24 r:/fehqt/proteus/gcc/bin/../lib/gcc/arm-none-eabi/4.6.2/../../../../arm-none-eabi/lib/armv7e-m\libsupc++.a(eh_aux_runtime.o)
                0x0001ca2c                __cxa_bad_typeid
 .text.__cxa_call_terminate
                0x0001ca50       0x50 r:/fehqt/proteus/gcc/bin/../lib/gcc/arm-none-eabi/4.6.2/../../../../arm-none-eabi/lib/armv7e-m\libsupc++.a(eh_call.o)
                0x0001ca50                __cxa_call_terminate
 .text.__cxa_call_unexpected
                0x0001caa0      0x120 r:/fehqt/proteus/gcc/bin/../lib/gcc/arm-none-eabi/4.6.2/../../../../arm-none-eabi/lib/armv7e-m\libsupc++.a(eh_call.o)
                0x0001caa0                __cxa_call_unexpected
 .text.__cxa_begin_catch
                0x0001cbc0       0x98 r:/fehqt/proteus/gcc/bin/../lib/gcc/arm-none-eabi/4.6.2/../../../../arm-none-eabi/lib/armv7e-m\libsupc++.a(eh_catch.o)
                0x0001cbc0                __cxa_begin_catch
 .text.__cxa_end_catch
                0x0001cc58       0x98 r:/fehqt/proteus/gcc/bin/../lib/gcc/arm-none-eabi/4.6.2/../../../../arm-none-eabi/lib/armv7e-m\libsupc++.a(eh_catch.o)
                0x0001cc58                __cxa_end_catch
 .text._ZNSt9exceptionD2Ev
                0x0001ccf0        0xc r:/fehqt/proteus/gcc/bin/../lib/gcc/arm-none-eabi/4.6.2/../../../../arm-none-eabi/lib/armv7e-m\libsupc++.a(eh_exception.o)
                0x0001ccf0                std::exception::~exception()
                0x0001ccf0                std::exception::~exception()
 .text._ZNSt13bad_exceptionD2Ev
                0x0001ccfc        0xc r:/fehqt/proteus/gcc/bin/../lib/gcc/arm-none-eabi/4.6.2/../../../../arm-none-eabi/lib/armv7e-m\libsupc++.a(eh_exception.o)
                0x0001ccfc                std::bad_exception::~bad_exception()
                0x0001ccfc                std::bad_exception::~bad_exception()
 .text._ZNKSt9exception4whatEv
                0x0001cd08        0xc r:/fehqt/proteus/gcc/bin/../lib/gcc/arm-none-eabi/4.6.2/../../../../arm-none-eabi/lib/armv7e-m\libsupc++.a(eh_exception.o)
                0x0001cd08                std::exception::what() const
 .text._ZNKSt13bad_exception4whatEv
                0x0001cd14        0xc r:/fehqt/proteus/gcc/bin/../lib/gcc/arm-none-eabi/4.6.2/../../../../arm-none-eabi/lib/armv7e-m\libsupc++.a(eh_exception.o)
                0x0001cd14                std::bad_exception::what() const
 .text._ZNSt13bad_exceptionD0Ev
                0x0001cd20       0x14 r:/fehqt/proteus/gcc/bin/../lib/gcc/arm-none-eabi/4.6.2/../../../../arm-none-eabi/lib/armv7e-m\libsupc++.a(eh_exception.o)
                0x0001cd20                std::bad_exception::~bad_exception()
 .text._ZNSt9exceptionD0Ev
                0x0001cd34       0x14 r:/fehqt/proteus/gcc/bin/../lib/gcc/arm-none-eabi/4.6.2/../../../../arm-none-eabi/lib/armv7e-m\libsupc++.a(eh_exception.o)
                0x0001cd34                std::exception::~exception()
 .text.__cxa_get_globals_fast
                0x0001cd48        0xc r:/fehqt/proteus/gcc/bin/../lib/gcc/arm-none-eabi/4.6.2/../../../../arm-none-eabi/lib/armv7e-m\libsupc++.a(eh_globals.o)
                0x0001cd48                __cxa_get_globals_fast
 .text.__cxa_get_globals
                0x0001cd54        0xc r:/fehqt/proteus/gcc/bin/../lib/gcc/arm-none-eabi/4.6.2/../../../../arm-none-eabi/lib/armv7e-m\libsupc++.a(eh_globals.o)
                0x0001cd54                __cxa_get_globals
 .text._ZL12read_sleb128PKhPl
                0x0001cd60       0x3c r:/fehqt/proteus/gcc/bin/../lib/gcc/arm-none-eabi/4.6.2/../../../../arm-none-eabi/lib/armv7e-m\libsupc++.a(eh_personality.o)
 .text._ZL28read_encoded_value_with_basehjPKhPj
                0x0001cd9c       0xa4 r:/fehqt/proteus/gcc/bin/../lib/gcc/arm-none-eabi/4.6.2/../../../../arm-none-eabi/lib/armv7e-m\libsupc++.a(eh_personality.o)
 .text._ZL21base_of_encoded_valuehP15_Unwind_Context
                0x0001ce40       0x4c r:/fehqt/proteus/gcc/bin/../lib/gcc/arm-none-eabi/4.6.2/../../../../arm-none-eabi/lib/armv7e-m\libsupc++.a(eh_personality.o)
 .text._ZL17parse_lsda_headerP15_Unwind_ContextPKhP16lsda_header_info.constprop.1
                0x0001ce8c       0x90 r:/fehqt/proteus/gcc/bin/../lib/gcc/arm-none-eabi/4.6.2/../../../../arm-none-eabi/lib/armv7e-m\libsupc++.a(eh_personality.o)
 .text.__gxx_personality_v0
                0x0001cf1c      0x3bc r:/fehqt/proteus/gcc/bin/../lib/gcc/arm-none-eabi/4.6.2/../../../../arm-none-eabi/lib/armv7e-m\libsupc++.a(eh_personality.o)
                0x0001cf1c                __gxx_personality_v0
 .text._ZN10__cxxabiv111__terminateEPFvvE
                0x0001d2d8       0x28 r:/fehqt/proteus/gcc/bin/../lib/gcc/arm-none-eabi/4.6.2/../../../../arm-none-eabi/lib/armv7e-m\libsupc++.a(eh_terminate.o)
                0x0001d2d8                __cxxabiv1::__terminate(void (*)())
 .text._ZSt9terminatev
                0x0001d300       0x10 r:/fehqt/proteus/gcc/bin/../lib/gcc/arm-none-eabi/4.6.2/../../../../arm-none-eabi/lib/armv7e-m\libsupc++.a(eh_terminate.o)
                0x0001d300                std::terminate()
 .text._ZN10__cxxabiv112__unexpectedEPFvvE
                0x0001d310        0x8 r:/fehqt/proteus/gcc/bin/../lib/gcc/arm-none-eabi/4.6.2/../../../../arm-none-eabi/lib/armv7e-m\libsupc++.a(eh_terminate.o)
                0x0001d310                __cxxabiv1::__unexpected(void (*)())
 .text._ZSt10unexpectedv
                0x0001d318       0x14 r:/fehqt/proteus/gcc/bin/../lib/gcc/arm-none-eabi/4.6.2/../../../../arm-none-eabi/lib/armv7e-m\libsupc++.a(eh_terminate.o)
                0x0001d318                std::unexpected()
 .text._ZL23__gxx_exception_cleanup19_Unwind_Reason_CodeP21_Unwind_Control_Block
                0x0001d32c       0x4c r:/fehqt/proteus/gcc/bin/../lib/gcc/arm-none-eabi/4.6.2/../../../../arm-none-eabi/lib/armv7e-m\libsupc++.a(eh_throw.o)
 .text.__cxa_throw
                0x0001d378       0x80 r:/fehqt/proteus/gcc/bin/../lib/gcc/arm-none-eabi/4.6.2/../../../../arm-none-eabi/lib/armv7e-m\libsupc++.a(eh_throw.o)
                0x0001d378                __cxa_throw
 .text.__cxa_rethrow
                0x0001d3f8       0x78 r:/fehqt/proteus/gcc/bin/../lib/gcc/arm-none-eabi/4.6.2/../../../../arm-none-eabi/lib/armv7e-m\libsupc++.a(eh_throw.o)
                0x0001d3f8                __cxa_rethrow
 .text._ZN10__cxxabiv123__fundamental_type_infoD2Ev
                0x0001d470       0x14 r:/fehqt/proteus/gcc/bin/../lib/gcc/arm-none-eabi/4.6.2/../../../../arm-none-eabi/lib/armv7e-m\libsupc++.a(fundamental_type_info.o)
                0x0001d470                __cxxabiv1::__fundamental_type_info::~__fundamental_type_info()
                0x0001d470                __cxxabiv1::__fundamental_type_info::~__fundamental_type_info()
 .text._ZN10__cxxabiv123__fundamental_type_infoD0Ev
                0x0001d484       0x1c r:/fehqt/proteus/gcc/bin/../lib/gcc/arm-none-eabi/4.6.2/../../../../arm-none-eabi/lib/armv7e-m\libsupc++.a(fundamental_type_info.o)
                0x0001d484                __cxxabiv1::__fundamental_type_info::~__fundamental_type_info()
 .text._ZNK10__cxxabiv119__pointer_type_info14__is_pointer_pEv
                0x0001d4a0        0x4 r:/fehqt/proteus/gcc/bin/../lib/gcc/arm-none-eabi/4.6.2/../../../../arm-none-eabi/lib/armv7e-m\libsupc++.a(pointer_type_info.o)
                0x0001d4a0                __cxxabiv1::__pointer_type_info::__is_pointer_p() const
 .text._ZN10__cxxabiv119__pointer_type_infoD2Ev
                0x0001d4a4       0x14 r:/fehqt/proteus/gcc/bin/../lib/gcc/arm-none-eabi/4.6.2/../../../../arm-none-eabi/lib/armv7e-m\libsupc++.a(pointer_type_info.o)
                0x0001d4a4                __cxxabiv1::__pointer_type_info::~__pointer_type_info()
                0x0001d4a4                __cxxabiv1::__pointer_type_info::~__pointer_type_info()
 .text._ZN10__cxxabiv119__pointer_type_infoD0Ev
                0x0001d4b8       0x1c r:/fehqt/proteus/gcc/bin/../lib/gcc/arm-none-eabi/4.6.2/../../../../arm-none-eabi/lib/armv7e-m\libsupc++.a(pointer_type_info.o)
                0x0001d4b8                __cxxabiv1::__pointer_type_info::~__pointer_type_info()
 .text._ZNK10__cxxabiv119__pointer_type_info15__pointer_catchEPKNS_17__pbase_type_infoEPPvj
                0x0001d4d4       0x44 r:/fehqt/proteus/gcc/bin/../lib/gcc/arm-none-eabi/4.6.2/../../../../arm-none-eabi/lib/armv7e-m\libsupc++.a(pointer_type_info.o)
                0x0001d4d4                __cxxabiv1::__pointer_type_info::__pointer_catch(__cxxabiv1::__pbase_type_info const*, void**, unsigned int) const
 .text._ZN10__cxxabiv120__si_class_type_infoD2Ev
                0x0001d518       0x14 r:/fehqt/proteus/gcc/bin/../lib/gcc/arm-none-eabi/4.6.2/../../../../arm-none-eabi/lib/armv7e-m\libsupc++.a(si_class_type_info.o)
                0x0001d518                __cxxabiv1::__si_class_type_info::~__si_class_type_info()
                0x0001d518                __cxxabiv1::__si_class_type_info::~__si_class_type_info()
 .text._ZN10__cxxabiv120__si_class_type_infoD0Ev
                0x0001d52c       0x1c r:/fehqt/proteus/gcc/bin/../lib/gcc/arm-none-eabi/4.6.2/../../../../arm-none-eabi/lib/armv7e-m\libsupc++.a(si_class_type_info.o)
                0x0001d52c                __cxxabiv1::__si_class_type_info::~__si_class_type_info()
 .text._ZNK10__cxxabiv120__si_class_type_info11__do_upcastEPKNS_17__class_type_infoEPKvRNS1_15__upcast_resultE
                0x0001d548       0x24 r:/fehqt/proteus/gcc/bin/../lib/gcc/arm-none-eabi/4.6.2/../../../../arm-none-eabi/lib/armv7e-m\libsupc++.a(si_class_type_info.o)
                0x0001d548                __cxxabiv1::__si_class_type_info::__do_upcast(__cxxabiv1::__class_type_info const*, void const*, __cxxabiv1::__class_type_info::__upcast_result&) const
 .text._ZNK10__cxxabiv120__si_class_type_info12__do_dyncastEiNS_17__class_type_info10__sub_kindEPKS1_PKvS4_S6_RNS1_16__dyncast_resultE
                0x0001d56c       0x94 r:/fehqt/proteus/gcc/bin/../lib/gcc/arm-none-eabi/4.6.2/../../../../arm-none-eabi/lib/armv7e-m\libsupc++.a(si_class_type_info.o)
                0x0001d56c                __cxxabiv1::__si_class_type_info::__do_dyncast(int, __cxxabiv1::__class_type_info::__sub_kind, __cxxabiv1::__class_type_info const*, void const*, __cxxabiv1::__class_type_info const*, void const*, __cxxabiv1::__class_type_info::__dyncast_result&) const
 .text._ZNK10__cxxabiv120__si_class_type_info20__do_find_public_srcEiPKvPKNS_17__class_type_infoES2_
                0x0001d600       0x34 r:/fehqt/proteus/gcc/bin/../lib/gcc/arm-none-eabi/4.6.2/../../../../arm-none-eabi/lib/armv7e-m\libsupc++.a(si_class_type_info.o)
                0x0001d600                __cxxabiv1::__si_class_type_info::__do_find_public_src(int, void const*, __cxxabiv1::__class_type_info const*, void const*) const
 .text._ZNSt9type_infoD2Ev
                0x0001d634        0xc r:/fehqt/proteus/gcc/bin/../lib/gcc/arm-none-eabi/4.6.2/../../../../arm-none-eabi/lib/armv7e-m\libsupc++.a(tinfo.o)
                0x0001d634                std::type_info::~type_info()
                0x0001d634                std::type_info::~type_info()
 .text._ZNKSt9type_info14__is_pointer_pEv
                0x0001d640        0x4 r:/fehqt/proteus/gcc/bin/../lib/gcc/arm-none-eabi/4.6.2/../../../../arm-none-eabi/lib/armv7e-m\libsupc++.a(tinfo.o)
                0x0001d640                std::type_info::__is_pointer_p() const
 .text._ZNKSt9type_info15__is_function_pEv
                0x0001d644        0x4 r:/fehqt/proteus/gcc/bin/../lib/gcc/arm-none-eabi/4.6.2/../../../../arm-none-eabi/lib/armv7e-m\libsupc++.a(tinfo.o)
                0x0001d644                std::type_info::__is_function_p() const
 .text._ZNKSt9type_info11__do_upcastEPKN10__cxxabiv117__class_type_infoEPPv
                0x0001d648        0x4 r:/fehqt/proteus/gcc/bin/../lib/gcc/arm-none-eabi/4.6.2/../../../../arm-none-eabi/lib/armv7e-m\libsupc++.a(tinfo.o)
                0x0001d648                std::type_info::__do_upcast(__cxxabiv1::__class_type_info const*, void**) const
 .text._ZNSt9type_infoD0Ev
                0x0001d64c       0x14 r:/fehqt/proteus/gcc/bin/../lib/gcc/arm-none-eabi/4.6.2/../../../../arm-none-eabi/lib/armv7e-m\libsupc++.a(tinfo.o)
                0x0001d64c                std::type_info::~type_info()
 .text._ZNKSt9type_infoeqERKS_
                0x0001d660       0x30 r:/fehqt/proteus/gcc/bin/../lib/gcc/arm-none-eabi/4.6.2/../../../../arm-none-eabi/lib/armv7e-m\libsupc++.a(tinfo.o)
                0x0001d660                std::type_info::operator==(std::type_info const&) const
 .text._ZNKSt9type_info10__do_catchEPKS_PPvj
                0x0001d690        0x4 r:/fehqt/proteus/gcc/bin/../lib/gcc/arm-none-eabi/4.6.2/../../../../arm-none-eabi/lib/armv7e-m\libsupc++.a(tinfo.o)
                0x0001d690                std::type_info::__do_catch(std::type_info const*, void**, unsigned int) const
 .text._ZNKSt10bad_typeid4whatEv
                0x0001d694        0xc r:/fehqt/proteus/gcc/bin/../lib/gcc/arm-none-eabi/4.6.2/../../../../arm-none-eabi/lib/armv7e-m\libsupc++.a(bad_typeid.o)
                0x0001d694                std::bad_typeid::what() const
 .text._ZNSt10bad_typeidD2Ev
                0x0001d6a0       0x14 r:/fehqt/proteus/gcc/bin/../lib/gcc/arm-none-eabi/4.6.2/../../../../arm-none-eabi/lib/armv7e-m\libsupc++.a(bad_typeid.o)
                0x0001d6a0                std::bad_typeid::~bad_typeid()
                0x0001d6a0                std::bad_typeid::~bad_typeid()
 .text._ZNSt10bad_typeidD0Ev
                0x0001d6b4       0x1c r:/fehqt/proteus/gcc/bin/../lib/gcc/arm-none-eabi/4.6.2/../../../../arm-none-eabi/lib/armv7e-m\libsupc++.a(bad_typeid.o)
                0x0001d6b4                std::bad_typeid::~bad_typeid()
 .text._ZNK10__cxxabiv117__pbase_type_info15__pointer_catchEPKS0_PPvj
                0x0001d6d0       0x10 r:/fehqt/proteus/gcc/bin/../lib/gcc/arm-none-eabi/4.6.2/../../../../arm-none-eabi/lib/armv7e-m\libsupc++.a(pbase_type_info.o)
                0x0001d6d0                __cxxabiv1::__pbase_type_info::__pointer_catch(__cxxabiv1::__pbase_type_info const*, void**, unsigned int) const
 .text._ZN10__cxxabiv117__pbase_type_infoD2Ev
                0x0001d6e0       0x14 r:/fehqt/proteus/gcc/bin/../lib/gcc/arm-none-eabi/4.6.2/../../../../arm-none-eabi/lib/armv7e-m\libsupc++.a(pbase_type_info.o)
                0x0001d6e0                __cxxabiv1::__pbase_type_info::~__pbase_type_info()
                0x0001d6e0                __cxxabiv1::__pbase_type_info::~__pbase_type_info()
 .text._ZN10__cxxabiv117__pbase_type_infoD0Ev
                0x0001d6f4       0x1c r:/fehqt/proteus/gcc/bin/../lib/gcc/arm-none-eabi/4.6.2/../../../../arm-none-eabi/lib/armv7e-m\libsupc++.a(pbase_type_info.o)
                0x0001d6f4                __cxxabiv1::__pbase_type_info::~__pbase_type_info()
 .text._ZNK10__cxxabiv117__pbase_type_info10__do_catchEPKSt9type_infoPPvj
                0x0001d710       0x68 r:/fehqt/proteus/gcc/bin/../lib/gcc/arm-none-eabi/4.6.2/../../../../arm-none-eabi/lib/armv7e-m\libsupc++.a(pbase_type_info.o)
                0x0001d710                __cxxabiv1::__pbase_type_info::__do_catch(std::type_info const*, void**, unsigned int) const
 .text.abort    0x0001d778       0x24 R:\fehqt\Proteus/EWL/lib/armv7e-m\libc.a(abort.o)
                0x0001d778                abort
 .text.sbrk     0x0001d79c       0x28 R:\fehqt\Proteus/EWL/lib/armv7e-m\libc.a(alloc.o)
                0x0001d79c                sbrk
 .text.malloc   0x0001d7c4      0x110 R:\fehqt\Proteus/EWL/lib/armv7e-m\libc.a(alloc.o)
                0x0001d7c4                malloc
 .text.free     0x0001d8d4       0x10 R:\fehqt\Proteus/EWL/lib/armv7e-m\libc.a(alloc.o)
                0x0001d8d4                free
 .text.strcmp   0x0001d8e4       0x18 R:\fehqt\Proteus/EWL/lib/armv7e-m\libc.a(strcmp.o)
                0x0001d8e4                strcmp
 .text.raise    0x0001d8fc       0x3c R:\fehqt\Proteus/EWL/lib/armv7e-m\libc.a(raise.o)
                0x0001d8fc                raise
 *(.rodata)
 .rodata        0x0001d938      0x450 ..\main.o
 .rodata        0x0001dd88       0xe8 ..\drive/drive.o
 .rodata        0x0001de70       0x30 ..\classes/menu.o
 .rodata        0x0001dea0      0x1b8 ..\setup/menuSetup1.o
 .rodata        0x0001e058       0x88 ..\other.o
 .rodata        0x0001e0e0       0x20 ..\drive/4_driveGeneral.o
 .rodata        0x0001e100       0x74 Libraries\FEHServo.o
 .rodata        0x0001e174       0x34 Libraries\FEHLCD.o
 .rodata        0x0001e1a8      0x16c Libraries\FEHWONKA.o
 *(.rodata*)
 .rodata._ZL9GPIOPorts
                0x0001e314       0x20 Libraries\FEHIO.o
 .rodata._ZL10ADCNumbers
                0x0001e334       0x24 Libraries\FEHIO.o
 .rodata._ZL14GPIOPinNumbers
                0x0001e358       0x80 Libraries\FEHIO.o
 .rodata._ZL16AnalogPinNumbers
                0x0001e3d8       0x84 Libraries\FEHIO.o
 .rodata.str1.1
                0x00000000        0x0 R:\fehqt\Proteus/EWL/lib/armv7e-m\libc.a(printformat_.o)
                                  0x1 (size before relaxing)
 .rodata.__aeabi_ctype_table_C
                0x0001e45c      0x101 R:\fehqt\Proteus/EWL/lib/armv7e-m\libc.a(ctype_aeabi.o)
                0x0001e45c                __aeabi_ctype_table_C
 *fill*         0x0001e55d        0x3 00
 .rodata._ZTVSt9bad_alloc
                0x0001e560       0x18 R:\fehqt\Proteus/EWL/lib/armv7e-m\librt.a(New.o)
                0x0001e560                vtable for std::bad_alloc
 .rodata._ZTISt9bad_alloc
                0x0001e578        0xc R:\fehqt\Proteus/EWL/lib/armv7e-m\librt.a(New.o)
                0x0001e578                typeinfo for std::bad_alloc
 .rodata._ZTSSt9bad_alloc
                0x0001e584        0xd R:\fehqt\Proteus/EWL/lib/armv7e-m\librt.a(New.o)
                0x0001e584                typeinfo name for std::bad_alloc
 .rodata.str1.1
                0x0001e591       0x14 R:\fehqt\Proteus/EWL/lib/armv7e-m\librt.a(New.o)
 *fill*         0x0001e5a5        0x3 00
 .rodata._ZTVN10__cxxabiv117__class_type_infoE
                0x0001e5a8       0x30 r:/fehqt/proteus/gcc/bin/../lib/gcc/arm-none-eabi/4.6.2/../../../../arm-none-eabi/lib/armv7e-m\libsupc++.a(class_type_info.o)
                0x0001e5a8                vtable for __cxxabiv1::__class_type_info
 .rodata._ZTIN10__cxxabiv117__class_type_infoE
                0x0001e5d8        0xc r:/fehqt/proteus/gcc/bin/../lib/gcc/arm-none-eabi/4.6.2/../../../../arm-none-eabi/lib/armv7e-m\libsupc++.a(class_type_info.o)
                0x0001e5d8                typeinfo for __cxxabiv1::__class_type_info
 .rodata._ZTSN10__cxxabiv117__class_type_infoE
                0x0001e5e4       0x24 r:/fehqt/proteus/gcc/bin/../lib/gcc/arm-none-eabi/4.6.2/../../../../arm-none-eabi/lib/armv7e-m\libsupc++.a(class_type_info.o)
                0x0001e5e4                typeinfo name for __cxxabiv1::__class_type_info
 .rodata._ZTVSt9exception
                0x0001e608       0x18 r:/fehqt/proteus/gcc/bin/../lib/gcc/arm-none-eabi/4.6.2/../../../../arm-none-eabi/lib/armv7e-m\libsupc++.a(eh_exception.o)
                0x0001e608                vtable for std::exception
 .rodata._ZTIN10__cxxabiv115__forced_unwindE
                0x0001e620        0x8 r:/fehqt/proteus/gcc/bin/../lib/gcc/arm-none-eabi/4.6.2/../../../../arm-none-eabi/lib/armv7e-m\libsupc++.a(eh_exception.o)
                0x0001e620                typeinfo for __cxxabiv1::__forced_unwind
 .rodata._ZTISt9exception
                0x0001e628        0x8 r:/fehqt/proteus/gcc/bin/../lib/gcc/arm-none-eabi/4.6.2/../../../../arm-none-eabi/lib/armv7e-m\libsupc++.a(eh_exception.o)
                0x0001e628                typeinfo for std::exception
 .rodata._ZTSSt13bad_exception
                0x0001e630       0x14 r:/fehqt/proteus/gcc/bin/../lib/gcc/arm-none-eabi/4.6.2/../../../../arm-none-eabi/lib/armv7e-m\libsupc++.a(eh_exception.o)
                0x0001e630                typeinfo name for std::bad_exception
 .rodata.str1.4
                0x0001e644       0x23 r:/fehqt/proteus/gcc/bin/../lib/gcc/arm-none-eabi/4.6.2/../../../../arm-none-eabi/lib/armv7e-m\libsupc++.a(eh_exception.o)
                                 0x24 (size before relaxing)
 *fill*         0x0001e667        0x1 00
 .rodata._ZTSN10__cxxabiv119__foreign_exceptionE
                0x0001e668       0x24 r:/fehqt/proteus/gcc/bin/../lib/gcc/arm-none-eabi/4.6.2/../../../../arm-none-eabi/lib/armv7e-m\libsupc++.a(eh_exception.o)
                0x0001e668                typeinfo name for __cxxabiv1::__foreign_exception
 .rodata._ZTIN10__cxxabiv119__foreign_exceptionE
                0x0001e68c        0x8 r:/fehqt/proteus/gcc/bin/../lib/gcc/arm-none-eabi/4.6.2/../../../../arm-none-eabi/lib/armv7e-m\libsupc++.a(eh_exception.o)
                0x0001e68c                typeinfo for __cxxabiv1::__foreign_exception
 *fill*         0x0001e694        0x4 00
 .rodata._ZTVSt13bad_exception
                0x0001e698       0x18 r:/fehqt/proteus/gcc/bin/../lib/gcc/arm-none-eabi/4.6.2/../../../../arm-none-eabi/lib/armv7e-m\libsupc++.a(eh_exception.o)
                0x0001e698                vtable for std::bad_exception
 .rodata._ZTSSt9exception
                0x0001e6b0       0x10 r:/fehqt/proteus/gcc/bin/../lib/gcc/arm-none-eabi/4.6.2/../../../../arm-none-eabi/lib/armv7e-m\libsupc++.a(eh_exception.o)
                0x0001e6b0                typeinfo name for std::exception
 .rodata._ZTSN10__cxxabiv115__forced_unwindE
                0x0001e6c0       0x20 r:/fehqt/proteus/gcc/bin/../lib/gcc/arm-none-eabi/4.6.2/../../../../arm-none-eabi/lib/armv7e-m\libsupc++.a(eh_exception.o)
                0x0001e6c0                typeinfo name for __cxxabiv1::__forced_unwind
 .rodata._ZTISt13bad_exception
                0x0001e6e0        0xc r:/fehqt/proteus/gcc/bin/../lib/gcc/arm-none-eabi/4.6.2/../../../../arm-none-eabi/lib/armv7e-m\libsupc++.a(eh_exception.o)
                0x0001e6e0                typeinfo for std::bad_exception
 .rodata._ZTIPv
                0x0001e6ec       0x10 r:/fehqt/proteus/gcc/bin/../lib/gcc/arm-none-eabi/4.6.2/../../../../arm-none-eabi/lib/armv7e-m\libsupc++.a(fundamental_type_info.o)
                0x0001e6ec                typeinfo for void*
 .rodata._ZTIv  0x0001e6fc        0x8 r:/fehqt/proteus/gcc/bin/../lib/gcc/arm-none-eabi/4.6.2/../../../../arm-none-eabi/lib/armv7e-m\libsupc++.a(fundamental_type_info.o)
                0x0001e6fc                typeinfo for void
 .rodata._ZTSPv
                0x0001e704        0x4 r:/fehqt/proteus/gcc/bin/../lib/gcc/arm-none-eabi/4.6.2/../../../../arm-none-eabi/lib/armv7e-m\libsupc++.a(fundamental_type_info.o)
                0x0001e704                typeinfo name for void*
 .rodata._ZTSv  0x0001e708        0x4 r:/fehqt/proteus/gcc/bin/../lib/gcc/arm-none-eabi/4.6.2/../../../../arm-none-eabi/lib/armv7e-m\libsupc++.a(fundamental_type_info.o)
                0x0001e708                typeinfo name for void
 .rodata._ZTIN10__cxxabiv123__fundamental_type_infoE
                0x0001e70c        0xc r:/fehqt/proteus/gcc/bin/../lib/gcc/arm-none-eabi/4.6.2/../../../../arm-none-eabi/lib/armv7e-m\libsupc++.a(fundamental_type_info.o)
                0x0001e70c                typeinfo for __cxxabiv1::__fundamental_type_info
 .rodata._ZTSN10__cxxabiv123__fundamental_type_infoE
                0x0001e718       0x28 r:/fehqt/proteus/gcc/bin/../lib/gcc/arm-none-eabi/4.6.2/../../../../arm-none-eabi/lib/armv7e-m\libsupc++.a(fundamental_type_info.o)
                0x0001e718                typeinfo name for __cxxabiv1::__fundamental_type_info
 .rodata._ZTVN10__cxxabiv123__fundamental_type_infoE
                0x0001e740       0x20 r:/fehqt/proteus/gcc/bin/../lib/gcc/arm-none-eabi/4.6.2/../../../../arm-none-eabi/lib/armv7e-m\libsupc++.a(fundamental_type_info.o)
                0x0001e740                vtable for __cxxabiv1::__fundamental_type_info
 .rodata._ZTSN10__cxxabiv119__pointer_type_infoE
                0x0001e760       0x24 r:/fehqt/proteus/gcc/bin/../lib/gcc/arm-none-eabi/4.6.2/../../../../arm-none-eabi/lib/armv7e-m\libsupc++.a(pointer_type_info.o)
                0x0001e760                typeinfo name for __cxxabiv1::__pointer_type_info
 .rodata._ZTIN10__cxxabiv119__pointer_type_infoE
                0x0001e784        0xc r:/fehqt/proteus/gcc/bin/../lib/gcc/arm-none-eabi/4.6.2/../../../../arm-none-eabi/lib/armv7e-m\libsupc++.a(pointer_type_info.o)
                0x0001e784                typeinfo for __cxxabiv1::__pointer_type_info
 .rodata._ZTVN10__cxxabiv119__pointer_type_infoE
                0x0001e790       0x28 r:/fehqt/proteus/gcc/bin/../lib/gcc/arm-none-eabi/4.6.2/../../../../arm-none-eabi/lib/armv7e-m\libsupc++.a(pointer_type_info.o)
                0x0001e790                vtable for __cxxabiv1::__pointer_type_info
 .rodata._ZTVN10__cxxabiv120__si_class_type_infoE
                0x0001e7b8       0x30 r:/fehqt/proteus/gcc/bin/../lib/gcc/arm-none-eabi/4.6.2/../../../../arm-none-eabi/lib/armv7e-m\libsupc++.a(si_class_type_info.o)
                0x0001e7b8                vtable for __cxxabiv1::__si_class_type_info
 .rodata._ZTIN10__cxxabiv120__si_class_type_infoE
                0x0001e7e8        0xc r:/fehqt/proteus/gcc/bin/../lib/gcc/arm-none-eabi/4.6.2/../../../../arm-none-eabi/lib/armv7e-m\libsupc++.a(si_class_type_info.o)
                0x0001e7e8                typeinfo for __cxxabiv1::__si_class_type_info
 .rodata._ZTSN10__cxxabiv120__si_class_type_infoE
                0x0001e7f4       0x28 r:/fehqt/proteus/gcc/bin/../lib/gcc/arm-none-eabi/4.6.2/../../../../arm-none-eabi/lib/armv7e-m\libsupc++.a(si_class_type_info.o)
                0x0001e7f4                typeinfo name for __cxxabiv1::__si_class_type_info
 .rodata._ZTISt9type_info
                0x0001e81c        0x8 r:/fehqt/proteus/gcc/bin/../lib/gcc/arm-none-eabi/4.6.2/../../../../arm-none-eabi/lib/armv7e-m\libsupc++.a(tinfo.o)
                0x0001e81c                typeinfo for std::type_info
 .rodata._ZTSSt9type_info
                0x0001e824       0x10 r:/fehqt/proteus/gcc/bin/../lib/gcc/arm-none-eabi/4.6.2/../../../../arm-none-eabi/lib/armv7e-m\libsupc++.a(tinfo.o)
                0x0001e824                typeinfo name for std::type_info
 *fill*         0x0001e834        0x4 00
 .rodata._ZTVSt9type_info
                0x0001e838       0x20 r:/fehqt/proteus/gcc/bin/../lib/gcc/arm-none-eabi/4.6.2/../../../../arm-none-eabi/lib/armv7e-m\libsupc++.a(tinfo.o)
                0x0001e838                vtable for std::type_info
 .rodata._ZTVSt10bad_typeid
                0x0001e858       0x18 r:/fehqt/proteus/gcc/bin/../lib/gcc/arm-none-eabi/4.6.2/../../../../arm-none-eabi/lib/armv7e-m\libsupc++.a(bad_typeid.o)
                0x0001e858                vtable for std::bad_typeid
 .rodata._ZTISt10bad_typeid
                0x0001e870        0xc r:/fehqt/proteus/gcc/bin/../lib/gcc/arm-none-eabi/4.6.2/../../../../arm-none-eabi/lib/armv7e-m\libsupc++.a(bad_typeid.o)
                0x0001e870                typeinfo for std::bad_typeid
 .rodata.str1.4
                0x0001e87c       0x10 r:/fehqt/proteus/gcc/bin/../lib/gcc/arm-none-eabi/4.6.2/../../../../arm-none-eabi/lib/armv7e-m\libsupc++.a(bad_typeid.o)
 .rodata._ZTSSt10bad_typeid
                0x0001e88c       0x10 r:/fehqt/proteus/gcc/bin/../lib/gcc/arm-none-eabi/4.6.2/../../../../arm-none-eabi/lib/armv7e-m\libsupc++.a(bad_typeid.o)
                0x0001e88c                typeinfo name for std::bad_typeid
 .rodata._ZTIN10__cxxabiv117__pbase_type_infoE
                0x0001e89c        0xc r:/fehqt/proteus/gcc/bin/../lib/gcc/arm-none-eabi/4.6.2/../../../../arm-none-eabi/lib/armv7e-m\libsupc++.a(pbase_type_info.o)
                0x0001e89c                typeinfo for __cxxabiv1::__pbase_type_info
 .rodata._ZTSN10__cxxabiv117__pbase_type_infoE
                0x0001e8a8       0x24 r:/fehqt/proteus/gcc/bin/../lib/gcc/arm-none-eabi/4.6.2/../../../../arm-none-eabi/lib/armv7e-m\libsupc++.a(pbase_type_info.o)
                0x0001e8a8                typeinfo name for __cxxabiv1::__pbase_type_info
 *fill*         0x0001e8cc        0x4 00
 .rodata._ZTVN10__cxxabiv117__pbase_type_infoE
                0x0001e8d0       0x28 r:/fehqt/proteus/gcc/bin/../lib/gcc/arm-none-eabi/4.6.2/../../../../arm-none-eabi/lib/armv7e-m\libsupc++.a(pbase_type_info.o)
                0x0001e8d0                vtable for __cxxabiv1::__pbase_type_info
 *(.glue_7)
 .glue_7        0x00000000        0x0 linker stubs
 *(.glue_7t)
 .glue_7t       0x00000000        0x0 linker stubs
 *(.eh_frame)
 *(.init)
 *(.fini)
                0x0001e8f8                . = ALIGN (0x4)
                0x0001e8f8                _etext = .

.vfp11_veneer   0x0001e8f8        0x0
 .vfp11_veneer  0x00000000        0x0 linker stubs

.v4_bx          0x0001e8f8        0x0
 .v4_bx         0x00000000        0x0 linker stubs

.ARM.extab      0x0001e8f8      0x138
 *(.ARM.extab* .gnu.linkonce.armextab.*)
 .ARM.extab.text._ZNSt9bad_allocD2Ev
                0x0001e8f8        0x0 R:\fehqt\Proteus/EWL/lib/armv7e-m\librt.a(New.o)
 .ARM.extab.text._ZNKSt9bad_alloc4whatEv
                0x0001e8f8        0x0 R:\fehqt\Proteus/EWL/lib/armv7e-m\librt.a(New.o)
 .ARM.extab.text._Znwj
                0x0001e8f8       0x20 R:\fehqt\Proteus/EWL/lib/armv7e-m\librt.a(New.o)
 .ARM.extab.text._ZNSt9bad_allocD0Ev
                0x0001e918        0x0 R:\fehqt\Proteus/EWL/lib/armv7e-m\librt.a(New.o)
 .ARM.extab.text._Znaj
                0x0001e918       0x24 R:\fehqt\Proteus/EWL/lib/armv7e-m\librt.a(New.o)
 .ARM.extab.text.__cxa_bad_typeid
                0x0001e93c        0xc r:/fehqt/proteus/gcc/bin/../lib/gcc/arm-none-eabi/4.6.2/../../../../arm-none-eabi/lib/armv7e-m\libsupc++.a(eh_aux_runtime.o)
 .ARM.extab.text.__cxa_call_unexpected
                0x0001e948       0x28 r:/fehqt/proteus/gcc/bin/../lib/gcc/arm-none-eabi/4.6.2/../../../../arm-none-eabi/lib/armv7e-m\libsupc++.a(eh_call.o)
 .ARM.extab.text.__cxa_begin_catch
                0x0001e970       0x20 r:/fehqt/proteus/gcc/bin/../lib/gcc/arm-none-eabi/4.6.2/../../../../arm-none-eabi/lib/armv7e-m\libsupc++.a(eh_catch.o)
 .ARM.extab.text._ZL21base_of_encoded_valuehP15_Unwind_Context
                0x0001e990        0xc r:/fehqt/proteus/gcc/bin/../lib/gcc/arm-none-eabi/4.6.2/../../../../arm-none-eabi/lib/armv7e-m\libsupc++.a(eh_personality.o)
 .ARM.extab.text.__gxx_personality_v0
                0x0001e99c       0x20 r:/fehqt/proteus/gcc/bin/../lib/gcc/arm-none-eabi/4.6.2/../../../../arm-none-eabi/lib/armv7e-m\libsupc++.a(eh_personality.o)
 .ARM.extab.text._ZN10__cxxabiv111__terminateEPFvvE
                0x0001e9bc       0x2c r:/fehqt/proteus/gcc/bin/../lib/gcc/arm-none-eabi/4.6.2/../../../../arm-none-eabi/lib/armv7e-m\libsupc++.a(eh_terminate.o)
 .ARM.extab.text._ZN10__cxxabiv112__unexpectedEPFvvE
                0x0001e9e8        0xc r:/fehqt/proteus/gcc/bin/../lib/gcc/arm-none-eabi/4.6.2/../../../../arm-none-eabi/lib/armv7e-m\libsupc++.a(eh_terminate.o)
 .ARM.extab.text._ZSt10unexpectedv
                0x0001e9f4        0xc r:/fehqt/proteus/gcc/bin/../lib/gcc/arm-none-eabi/4.6.2/../../../../arm-none-eabi/lib/armv7e-m\libsupc++.a(eh_terminate.o)
 .ARM.extab.text._ZNK10__cxxabiv117__pbase_type_info15__pointer_catchEPKS0_PPvj
                0x0001ea00        0x0 r:/fehqt/proteus/gcc/bin/../lib/gcc/arm-none-eabi/4.6.2/../../../../arm-none-eabi/lib/armv7e-m\libsupc++.a(pbase_type_info.o)